2026-04-03 00:03:56.060 [SpringApplicationShutdownHook] INFO  c.l.siyubao.service.OcrService destroy - 正在关闭OCR线程池...
2026-04-03 00:03:56.068 [SpringApplicationShutdownHook] INFO  c.l.siyubao.service.OcrService destroy - OCR服务资源清理完成
2026-04-03 00:03:56.070 [SpringApplicationShutdownHook] INFO  o.s.o.j.AbstractEntityManagerFactoryBean destroy - Closing JPA EntityManagerFactory for persistence unit 'default'
2026-04-03 00:03:56.077 [SpringApplicationShutdownHook] INFO  com.zaxxer.hikari.HikariDataSource close - HikariPool-1 - Shutdown initiated...
2026-04-03 00:03:56.084 [SpringApplicationShutdownHook] INFO  com.zaxxer.hikari.HikariDataSource close - HikariPool-1 - Shutdown completed.
2026-04-03 00:15:42.060 [main] INFO  o.s.boot.StartupInfoLogger logStarting - Starting RouteIsolationTest using Java 17.0.15 on meizhiwendeMacBook-Pro.local with PID 65318 (started by meizhiwen in /Users/meizhiwen/dev/siyubao)
2026-04-03 00:15:42.062 [main] INFO  o.s.boot.SpringApplication logStartupProfileInfo - No active profile set, falling back to 1 default profile: "default"
2026-04-03 00:15:42.333 [main] INFO  o.s.d.r.c.RepositoryConfigurationDelegate registerRepositoriesIn - Bootstrapping Spring Data JPA repositories in DEFAULT mode.
2026-04-03 00:15:42.364 [main] INFO  o.s.d.r.c.RepositoryConfigurationDelegate registerRepositoriesIn - Finished Spring Data repository scanning in 27 ms. Found 3 JPA repository interfaces.
2026-04-03 00:15:42.658 [main] INFO  com.zaxxer.hikari.HikariDataSource getConnection - HikariPool-1 - Starting...
2026-04-03 00:15:42.762 [main] INFO  com.zaxxer.hikari.HikariDataSource getConnection - HikariPool-1 - Start completed.
2026-04-03 00:15:42.791 [main] INFO  liquibase.logging.core.JavaLogger log - Set default schema name to PUBLIC
2026-04-03 00:15:42.930 [main] INFO  liquibase.logging.core.JavaLogger log - Successfully acquired change log lock
2026-04-03 00:15:42.937 [main] INFO  liquibase.logging.core.JavaLogger log - Successfully released change log lock
2026-04-03 00:15:42.940 [main] WARN  o.s.c.s.AbstractApplicationContext refresh - Exception encountered during context initialization - cancelling refresh attempt: org.springframework.beans.factory.BeanCreationException: Error creating bean with name 'liquibase' defined in class path resource [org/springframework/boot/autoconfigure/liquibase/LiquibaseAutoConfiguration$LiquibaseConfiguration.class]: Invocation of init method failed; nested exception is liquibase.exception.ChangeLogParseException: Syntax error in file classpath:db/changelog/db.changelog-master.yaml: while parsing a block mapping
 in 'reader', line 6, column 9:
            onFail: MARK_RAN
            ^
expected <block end>, but found '-'
 in 'reader', line 8, column 9:
            - tableExists:
            ^

2026-04-03 00:15:42.940 [main] INFO  com.zaxxer.hikari.HikariDataSource close - HikariPool-1 - Shutdown initiated...
2026-04-03 00:15:42.942 [main] INFO  com.zaxxer.hikari.HikariDataSource close - HikariPool-1 - Shutdown completed.
2026-04-03 00:15:42.947 [main] INFO  o.s.b.a.l.ConditionEvaluationReportLoggingListener logMessage - 

Error starting ApplicationContext. To display the conditions report re-run your application with 'debug' enabled.
2026-04-03 00:15:42.956 [main] ERROR o.s.boot.SpringApplication reportFailure - Application run failed
org.springframework.beans.factory.BeanCreationException: Error creating bean with name 'liquibase' defined in class path resource [org/springframework/boot/autoconfigure/liquibase/LiquibaseAutoConfiguration$LiquibaseConfiguration.class]: Invocation of init method failed; nested exception is liquibase.exception.ChangeLogParseException: Syntax error in file classpath:db/changelog/db.changelog-master.yaml: while parsing a block mapping
 in 'reader', line 6, column 9:
            onFail: MARK_RAN
            ^
expected <block end>, but found '-'
 in 'reader', line 8, column 9:
            - tableExists:
            ^

	at org.springframework.beans.factory.support.AbstractAutowireCapableBeanFactory.initializeBean(AbstractAutowireCapableBeanFactory.java:1804)
	at org.springframework.beans.factory.support.AbstractAutowireCapableBeanFactory.doCreateBean(AbstractAutowireCapableBeanFactory.java:620)
	at org.springframework.beans.factory.support.AbstractAutowireCapableBeanFactory.createBean(AbstractAutowireCapableBeanFactory.java:542)
	at org.springframework.beans.factory.support.AbstractBeanFactory.lambda$doGetBean$0(AbstractBeanFactory.java:335)
	at org.springframework.beans.factory.support.DefaultSingletonBeanRegistry.getSingleton(DefaultSingletonBeanRegistry.java:234)
	at org.springframework.beans.factory.support.AbstractBeanFactory.doGetBean(AbstractBeanFactory.java:333)
	at org.springframework.beans.factory.support.AbstractBeanFactory.getBean(AbstractBeanFactory.java:208)
	at org.springframework.beans.factory.support.AbstractBeanFactory.doGetBean(AbstractBeanFactory.java:322)
	at org.springframework.beans.factory.support.AbstractBeanFactory.getBean(AbstractBeanFactory.java:208)
	at org.springframework.context.support.AbstractApplicationContext.getBean(AbstractApplicationContext.java:1168)
	at org.springframework.context.support.AbstractApplicationContext.finishBeanFactoryInitialization(AbstractApplicationContext.java:919)
	at org.springframework.context.support.AbstractApplicationContext.refresh(AbstractApplicationContext.java:591)
	at org.springframework.boot.SpringApplication.refresh(SpringApplication.java:732)
	at org.springframework.boot.SpringApplication.refreshContext(SpringApplication.java:409)
	at org.springframework.boot.SpringApplication.run(SpringApplication.java:308)
	at org.springframework.boot.test.context.SpringBootContextLoader.loadContext(SpringBootContextLoader.java:136)
	at org.springframework.test.context.cache.DefaultCacheAwareContextLoaderDelegate.loadContextInternal(DefaultCacheAwareContextLoaderDelegate.java:141)
	at org.springframework.test.context.cache.DefaultCacheAwareContextLoaderDelegate.loadContext(DefaultCacheAwareContextLoaderDelegate.java:90)
	at org.springframework.test.context.support.DefaultTestContext.getApplicationContext(DefaultTestContext.java:124)
	at org.springframework.test.context.web.ServletTestExecutionListener.setUpRequestContextIfNecessary(ServletTestExecutionListener.java:190)
	at org.springframework.test.context.web.ServletTestExecutionListener.prepareTestInstance(ServletTestExecutionListener.java:132)
	at org.springframework.test.context.TestContextManager.prepareTestInstance(TestContextManager.java:248)
	at org.springframework.test.context.junit.jupiter.SpringExtension.postProcessTestInstance(SpringExtension.java:138)
	at org.junit.jupiter.engine.descriptor.ClassBasedTestDescriptor.lambda$invokeTestInstancePostProcessors$8(ClassBasedTestDescriptor.java:363)
	at org.junit.jupiter.engine.descriptor.ClassBasedTestDescriptor.executeAndMaskThrowable(ClassBasedTestDescriptor.java:368)
	at org.junit.jupiter.engine.descriptor.ClassBasedTestDescriptor.lambda$invokeTestInstancePostProcessors$9(ClassBasedTestDescriptor.java:363)
	at java.base/java.util.stream.ReferencePipeline$3$1.accept(ReferencePipeline.java:197)
	at java.base/java.util.stream.ReferencePipeline$2$1.accept(ReferencePipeline.java:179)
	at java.base/java.util.ArrayList$ArrayListSpliterator.forEachRemaining(ArrayList.java:1625)
	at java.base/java.util.stream.AbstractPipeline.copyInto(AbstractPipeline.java:509)
	at java.base/java.util.stream.AbstractPipeline.wrapAndCopyInto(AbstractPipeline.java:499)
	at java.base/java.util.stream.StreamSpliterators$WrappingSpliterator.forEachRemaining(StreamSpliterators.java:310)
	at java.base/java.util.stream.Streams$ConcatSpliterator.forEachRemaining(Streams.java:735)
	at java.base/java.util.stream.Streams$ConcatSpliterator.forEachRemaining(Streams.java:734)
	at java.base/java.util.stream.ReferencePipeline$Head.forEach(ReferencePipeline.java:762)
	at org.junit.jupiter.engine.descriptor.ClassBasedTestDescriptor.invokeTestInstancePostProcessors(ClassBasedTestDescriptor.java:362)
	at org.junit.jupiter.engine.descriptor.ClassBasedTestDescriptor.lambda$instantiateAndPostProcessTestInstance$6(ClassBasedTestDescriptor.java:283)
	at org.junit.platform.engine.support.hierarchical.ThrowableCollector.execute(ThrowableCollector.java:73)
	at org.junit.jupiter.engine.descriptor.ClassBasedTestDescriptor.instantiateAndPostProcessTestInstance(ClassBasedTestDescriptor.java:282)
	at org.junit.jupiter.engine.descriptor.ClassBasedTestDescriptor.lambda$testInstancesProvider$4(ClassBasedTestDescriptor.java:272)
	at java.base/java.util.Optional.orElseGet(Optional.java:364)
	at org.junit.jupiter.engine.descriptor.ClassBasedTestDescriptor.lambda$testInstancesProvider$5(ClassBasedTestDescriptor.java:271)
	at org.junit.jupiter.engine.execution.TestInstancesProvider.getTestInstances(TestInstancesProvider.java:31)
	at org.junit.jupiter.engine.descriptor.TestMethodTestDescriptor.lambda$prepare$0(TestMethodTestDescriptor.java:102)
	at org.junit.platform.engine.support.hierarchical.ThrowableCollector.execute(ThrowableCollector.java:73)
	at org.junit.jupiter.engine.descriptor.TestMethodTestDescriptor.prepare(TestMethodTestDescriptor.java:101)
	at org.junit.jupiter.engine.descriptor.TestMethodTestDescriptor.prepare(TestMethodTestDescriptor.java:66)
	at org.junit.platform.engine.support.hierarchical.NodeTestTask.lambda$prepare$2(NodeTestTask.java:123)
	at org.junit.platform.engine.support.hierarchical.ThrowableCollector.execute(ThrowableCollector.java:73)
	at org.junit.platform.engine.support.hierarchical.NodeTestTask.prepare(NodeTestTask.java:123)
	at org.junit.platform.engine.support.hierarchical.NodeTestTask.execute(NodeTestTask.java:90)
	at java.base/java.util.ArrayList.forEach(ArrayList.java:1511)
	at org.junit.platform.engine.support.hierarchical.SameThreadHierarchicalTestExecutorService.invokeAll(SameThreadHierarchicalTestExecutorService.java:41)
	at org.junit.platform.engine.support.hierarchical.NodeTestTask.lambda$executeRecursively$6(NodeTestTask.java:155)
	at org.junit.platform.engine.support.hierarchical.ThrowableCollector.execute(ThrowableCollector.java:73)
	at org.junit.platform.engine.support.hierarchical.NodeTestTask.lambda$executeRecursively$8(NodeTestTask.java:141)
	at org.junit.platform.engine.support.hierarchical.Node.around(Node.java:137)
	at org.junit.platform.engine.support.hierarchical.NodeTestTask.lambda$executeRecursively$9(NodeTestTask.java:139)
	at org.junit.platform.engine.support.hierarchical.ThrowableCollector.execute(ThrowableCollector.java:73)
	at org.junit.platform.engine.support.hierarchical.NodeTestTask.executeRecursively(NodeTestTask.java:138)
	at org.junit.platform.engine.support.hierarchical.NodeTestTask.execute(NodeTestTask.java:95)
	at java.base/java.util.ArrayList.forEach(ArrayList.java:1511)
	at org.junit.platform.engine.support.hierarchical.SameThreadHierarchicalTestExecutorService.invokeAll(SameThreadHierarchicalTestExecutorService.java:41)
	at org.junit.platform.engine.support.hierarchical.NodeTestTask.lambda$executeRecursively$6(NodeTestTask.java:155)
	at org.junit.platform.engine.support.hierarchical.ThrowableCollector.execute(ThrowableCollector.java:73)
	at org.junit.platform.engine.support.hierarchical.NodeTestTask.lambda$executeRecursively$8(NodeTestTask.java:141)
	at org.junit.platform.engine.support.hierarchical.Node.around(Node.java:137)
	at org.junit.platform.engine.support.hierarchical.NodeTestTask.lambda$executeRecursively$9(NodeTestTask.java:139)
	at org.junit.platform.engine.support.hierarchical.ThrowableCollector.execute(ThrowableCollector.java:73)
	at org.junit.platform.engine.support.hierarchical.NodeTestTask.executeRecursively(NodeTestTask.java:138)
	at org.junit.platform.engine.support.hierarchical.NodeTestTask.execute(NodeTestTask.java:95)
	at org.junit.platform.engine.support.hierarchical.SameThreadHierarchicalTestExecutorService.submit(SameThreadHierarchicalTestExecutorService.java:35)
	at org.junit.platform.engine.support.hierarchical.HierarchicalTestExecutor.execute(HierarchicalTestExecutor.java:57)
	at org.junit.platform.engine.support.hierarchical.HierarchicalTestEngine.execute(HierarchicalTestEngine.java:54)
	at org.junit.platform.launcher.core.DefaultLauncher.execute(DefaultLauncher.java:220)
	at org.junit.platform.launcher.core.DefaultLauncher.lambda$execute$6(DefaultLauncher.java:188)
	at org.junit.platform.launcher.core.DefaultLauncher.withInterceptedStreams(DefaultLauncher.java:202)
	at org.junit.platform.launcher.core.DefaultLauncher.execute(DefaultLauncher.java:181)
	at org.junit.platform.launcher.core.DefaultLauncher.execute(DefaultLauncher.java:128)
	at org.apache.maven.surefire.junitplatform.JUnitPlatformProvider.invokeAllTests(JUnitPlatformProvider.java:150)
	at org.apache.maven.surefire.junitplatform.JUnitPlatformProvider.invoke(JUnitPlatformProvider.java:124)
	at org.apache.maven.surefire.booter.ForkedBooter.invokeProviderInSameClassLoader(ForkedBooter.java:384)
	at org.apache.maven.surefire.booter.ForkedBooter.runSuitesInProcess(ForkedBooter.java:345)
	at org.apache.maven.surefire.booter.ForkedBooter.execute(ForkedBooter.java:126)
	at org.apache.maven.surefire.booter.ForkedBooter.main(ForkedBooter.java:418)
Caused by: liquibase.exception.ChangeLogParseException: Syntax error in file classpath:db/changelog/db.changelog-master.yaml: while parsing a block mapping
 in 'reader', line 6, column 9:
            onFail: MARK_RAN
            ^
expected <block end>, but found '-'
 in 'reader', line 8, column 9:
            - tableExists:
            ^

	at liquibase.parser.core.yaml.YamlChangeLogParser.parseYamlStream(YamlChangeLogParser.java:98)
	at liquibase.parser.core.yaml.YamlChangeLogParser.parse(YamlChangeLogParser.java:30)
	at liquibase.Liquibase.getDatabaseChangeLog(Liquibase.java:369)
	at liquibase.Liquibase.lambda$update$1(Liquibase.java:224)
	at liquibase.Scope.lambda$child$0(Scope.java:180)
	at liquibase.Scope.child(Scope.java:189)
	at liquibase.Scope.child(Scope.java:179)
	at liquibase.Scope.child(Scope.java:158)
	at liquibase.Liquibase.runInScope(Liquibase.java:2405)
	at liquibase.Liquibase.update(Liquibase.java:211)
	at liquibase.Liquibase.update(Liquibase.java:197)
	at liquibase.integration.spring.SpringLiquibase.performUpdate(SpringLiquibase.java:314)
	at liquibase.integration.spring.SpringLiquibase.afterPropertiesSet(SpringLiquibase.java:269)
	at org.springframework.beans.factory.support.AbstractAutowireCapableBeanFactory.invokeInitMethods(AbstractAutowireCapableBeanFactory.java:1863)
	at org.springframework.beans.factory.support.AbstractAutowireCapableBeanFactory.initializeBean(AbstractAutowireCapableBeanFactory.java:1800)
	... 84 common frames omitted
Caused by: org.yaml.snakeyaml.parser.ParserException: while parsing a block mapping
 in 'reader', line 6, column 9:
            onFail: MARK_RAN
            ^
expected <block end>, but found '-'
 in 'reader', line 8, column 9:
            - tableExists:
            ^

	at org.yaml.snakeyaml.parser.ParserImpl$ParseBlockMappingKey.produce(ParserImpl.java:644)
	at org.yaml.snakeyaml.parser.ParserImpl.peekEvent(ParserImpl.java:166)
	at org.yaml.snakeyaml.comments.CommentEventsCollector$1.peek(CommentEventsCollector.java:59)
	at org.yaml.snakeyaml.comments.CommentEventsCollector$1.peek(CommentEventsCollector.java:45)
	at org.yaml.snakeyaml.comments.CommentEventsCollector.collectEvents(CommentEventsCollector.java:140)
	at org.yaml.snakeyaml.comments.CommentEventsCollector.collectEvents(CommentEventsCollector.java:119)
	at org.yaml.snakeyaml.composer.Composer.composeScalarNode(Composer.java:214)
	at org.yaml.snakeyaml.composer.Composer.composeNode(Composer.java:184)
	at org.yaml.snakeyaml.composer.Composer.composeValueNode(Composer.java:314)
	at org.yaml.snakeyaml.composer.Composer.composeMappingChildren(Composer.java:305)
	at org.yaml.snakeyaml.composer.Composer.composeMappingNode(Composer.java:286)
	at org.yaml.snakeyaml.composer.Composer.composeNode(Composer.java:188)
	at org.yaml.snakeyaml.composer.Composer.composeValueNode(Composer.java:314)
	at org.yaml.snakeyaml.composer.Composer.composeMappingChildren(Composer.java:305)
	at org.yaml.snakeyaml.composer.Composer.composeMappingNode(Composer.java:286)
	at org.yaml.snakeyaml.composer.Composer.composeNode(Composer.java:188)
	at org.yaml.snakeyaml.composer.Composer.composeValueNode(Composer.java:314)
	at org.yaml.snakeyaml.composer.Composer.composeMappingChildren(Composer.java:305)
	at org.yaml.snakeyaml.composer.Composer.composeMappingNode(Composer.java:286)
	at org.yaml.snakeyaml.composer.Composer.composeNode(Composer.java:188)
	at org.yaml.snakeyaml.composer.Composer.composeSequenceNode(Composer.java:245)
	at org.yaml.snakeyaml.composer.Composer.composeNode(Composer.java:186)
	at org.yaml.snakeyaml.composer.Composer.composeValueNode(Composer.java:314)
	at org.yaml.snakeyaml.composer.Composer.composeMappingChildren(Composer.java:305)
	at org.yaml.snakeyaml.composer.Composer.composeMappingNode(Composer.java:286)
	at org.yaml.snakeyaml.composer.Composer.composeNode(Composer.java:188)
	at org.yaml.snakeyaml.composer.Composer.getNode(Composer.java:115)
	at org.yaml.snakeyaml.composer.Composer.getSingleNode(Composer.java:142)
	at org.yaml.snakeyaml.constructor.BaseConstructor.getSingleData(BaseConstructor.java:151)
	at org.yaml.snakeyaml.Yaml.loadFromReader(Yaml.java:491)
	at org.yaml.snakeyaml.Yaml.load(Yaml.java:429)
	at liquibase.parser.core.yaml.YamlChangeLogParser.parseYamlStream(YamlChangeLogParser.java:96)
	... 98 common frames omitted
2026-04-03 00:15:42.957 [main] ERROR o.s.test.context.TestContextManager prepareTestInstance - Caught exception while allowing TestExecutionListener [org.springframework.test.context.web.ServletTestExecutionListener@7582ff54] to prepare test instance [cn.laobayou.siyubao.service.RouteIsolationTest@3855d9b2]
java.lang.IllegalStateException: Failed to load ApplicationContext
	at org.springframework.test.context.cache.DefaultCacheAwareContextLoaderDelegate.loadContext(DefaultCacheAwareContextLoaderDelegate.java:98)
	at org.springframework.test.context.support.DefaultTestContext.getApplicationContext(DefaultTestContext.java:124)
	at org.springframework.test.context.web.ServletTestExecutionListener.setUpRequestContextIfNecessary(ServletTestExecutionListener.java:190)
	at org.springframework.test.context.web.ServletTestExecutionListener.prepareTestInstance(ServletTestExecutionListener.java:132)
	at org.springframework.test.context.TestContextManager.prepareTestInstance(TestContextManager.java:248)
	at org.springframework.test.context.junit.jupiter.SpringExtension.postProcessTestInstance(SpringExtension.java:138)
	at org.junit.jupiter.engine.descriptor.ClassBasedTestDescriptor.lambda$invokeTestInstancePostProcessors$8(ClassBasedTestDescriptor.java:363)
	at org.junit.jupiter.engine.descriptor.ClassBasedTestDescriptor.executeAndMaskThrowable(ClassBasedTestDescriptor.java:368)
	at org.junit.jupiter.engine.descriptor.ClassBasedTestDescriptor.lambda$invokeTestInstancePostProcessors$9(ClassBasedTestDescriptor.java:363)
	at java.base/java.util.stream.ReferencePipeline$3$1.accept(ReferencePipeline.java:197)
	at java.base/java.util.stream.ReferencePipeline$2$1.accept(ReferencePipeline.java:179)
	at java.base/java.util.ArrayList$ArrayListSpliterator.forEachRemaining(ArrayList.java:1625)
	at java.base/java.util.stream.AbstractPipeline.copyInto(AbstractPipeline.java:509)
	at java.base/java.util.stream.AbstractPipeline.wrapAndCopyInto(AbstractPipeline.java:499)
	at java.base/java.util.stream.StreamSpliterators$WrappingSpliterator.forEachRemaining(StreamSpliterators.java:310)
	at java.base/java.util.stream.Streams$ConcatSpliterator.forEachRemaining(Streams.java:735)
	at java.base/java.util.stream.Streams$ConcatSpliterator.forEachRemaining(Streams.java:734)
	at java.base/java.util.stream.ReferencePipeline$Head.forEach(ReferencePipeline.java:762)
	at org.junit.jupiter.engine.descriptor.ClassBasedTestDescriptor.invokeTestInstancePostProcessors(ClassBasedTestDescriptor.java:362)
	at org.junit.jupiter.engine.descriptor.ClassBasedTestDescriptor.lambda$instantiateAndPostProcessTestInstance$6(ClassBasedTestDescriptor.java:283)
	at org.junit.platform.engine.support.hierarchical.ThrowableCollector.execute(ThrowableCollector.java:73)
	at org.junit.jupiter.engine.descriptor.ClassBasedTestDescriptor.instantiateAndPostProcessTestInstance(ClassBasedTestDescriptor.java:282)
	at org.junit.jupiter.engine.descriptor.ClassBasedTestDescriptor.lambda$testInstancesProvider$4(ClassBasedTestDescriptor.java:272)
	at java.base/java.util.Optional.orElseGet(Optional.java:364)
	at org.junit.jupiter.engine.descriptor.ClassBasedTestDescriptor.lambda$testInstancesProvider$5(ClassBasedTestDescriptor.java:271)
	at org.junit.jupiter.engine.execution.TestInstancesProvider.getTestInstances(TestInstancesProvider.java:31)
	at org.junit.jupiter.engine.descriptor.TestMethodTestDescriptor.lambda$prepare$0(TestMethodTestDescriptor.java:102)
	at org.junit.platform.engine.support.hierarchical.ThrowableCollector.execute(ThrowableCollector.java:73)
	at org.junit.jupiter.engine.descriptor.TestMethodTestDescriptor.prepare(TestMethodTestDescriptor.java:101)
	at org.junit.jupiter.engine.descriptor.TestMethodTestDescriptor.prepare(TestMethodTestDescriptor.java:66)
	at org.junit.platform.engine.support.hierarchical.NodeTestTask.lambda$prepare$2(NodeTestTask.java:123)
	at org.junit.platform.engine.support.hierarchical.ThrowableCollector.execute(ThrowableCollector.java:73)
	at org.junit.platform.engine.support.hierarchical.NodeTestTask.prepare(NodeTestTask.java:123)
	at org.junit.platform.engine.support.hierarchical.NodeTestTask.execute(NodeTestTask.java:90)
	at java.base/java.util.ArrayList.forEach(ArrayList.java:1511)
	at org.junit.platform.engine.support.hierarchical.SameThreadHierarchicalTestExecutorService.invokeAll(SameThreadHierarchicalTestExecutorService.java:41)
	at org.junit.platform.engine.support.hierarchical.NodeTestTask.lambda$executeRecursively$6(NodeTestTask.java:155)
	at org.junit.platform.engine.support.hierarchical.ThrowableCollector.execute(ThrowableCollector.java:73)
	at org.junit.platform.engine.support.hierarchical.NodeTestTask.lambda$executeRecursively$8(NodeTestTask.java:141)
	at org.junit.platform.engine.support.hierarchical.Node.around(Node.java:137)
	at org.junit.platform.engine.support.hierarchical.NodeTestTask.lambda$executeRecursively$9(NodeTestTask.java:139)
	at org.junit.platform.engine.support.hierarchical.ThrowableCollector.execute(ThrowableCollector.java:73)
	at org.junit.platform.engine.support.hierarchical.NodeTestTask.executeRecursively(NodeTestTask.java:138)
	at org.junit.platform.engine.support.hierarchical.NodeTestTask.execute(NodeTestTask.java:95)
	at java.base/java.util.ArrayList.forEach(ArrayList.java:1511)
	at org.junit.platform.engine.support.hierarchical.SameThreadHierarchicalTestExecutorService.invokeAll(SameThreadHierarchicalTestExecutorService.java:41)
	at org.junit.platform.engine.support.hierarchical.NodeTestTask.lambda$executeRecursively$6(NodeTestTask.java:155)
	at org.junit.platform.engine.support.hierarchical.ThrowableCollector.execute(ThrowableCollector.java:73)
	at org.junit.platform.engine.support.hierarchical.NodeTestTask.lambda$executeRecursively$8(NodeTestTask.java:141)
	at org.junit.platform.engine.support.hierarchical.Node.around(Node.java:137)
	at org.junit.platform.engine.support.hierarchical.NodeTestTask.lambda$executeRecursively$9(NodeTestTask.java:139)
	at org.junit.platform.engine.support.hierarchical.ThrowableCollector.execute(ThrowableCollector.java:73)
	at org.junit.platform.engine.support.hierarchical.NodeTestTask.executeRecursively(NodeTestTask.java:138)
	at org.junit.platform.engine.support.hierarchical.NodeTestTask.execute(NodeTestTask.java:95)
	at org.junit.platform.engine.support.hierarchical.SameThreadHierarchicalTestExecutorService.submit(SameThreadHierarchicalTestExecutorService.java:35)
	at org.junit.platform.engine.support.hierarchical.HierarchicalTestExecutor.execute(HierarchicalTestExecutor.java:57)
	at org.junit.platform.engine.support.hierarchical.HierarchicalTestEngine.execute(HierarchicalTestEngine.java:54)
	at org.junit.platform.launcher.core.DefaultLauncher.execute(DefaultLauncher.java:220)
	at org.junit.platform.launcher.core.DefaultLauncher.lambda$execute$6(DefaultLauncher.java:188)
	at org.junit.platform.launcher.core.DefaultLauncher.withInterceptedStreams(DefaultLauncher.java:202)
	at org.junit.platform.launcher.core.DefaultLauncher.execute(DefaultLauncher.java:181)
	at org.junit.platform.launcher.core.DefaultLauncher.execute(DefaultLauncher.java:128)
	at org.apache.maven.surefire.junitplatform.JUnitPlatformProvider.invokeAllTests(JUnitPlatformProvider.java:150)
	at org.apache.maven.surefire.junitplatform.JUnitPlatformProvider.invoke(JUnitPlatformProvider.java:124)
	at org.apache.maven.surefire.booter.ForkedBooter.invokeProviderInSameClassLoader(ForkedBooter.java:384)
	at org.apache.maven.surefire.booter.ForkedBooter.runSuitesInProcess(ForkedBooter.java:345)
	at org.apache.maven.surefire.booter.ForkedBooter.execute(ForkedBooter.java:126)
	at org.apache.maven.surefire.booter.ForkedBooter.main(ForkedBooter.java:418)
Caused by: org.springframework.beans.factory.BeanCreationException: Error creating bean with name 'liquibase' defined in class path resource [org/springframework/boot/autoconfigure/liquibase/LiquibaseAutoConfiguration$LiquibaseConfiguration.class]: Invocation of init method failed; nested exception is liquibase.exception.ChangeLogParseException: Syntax error in file classpath:db/changelog/db.changelog-master.yaml: while parsing a block mapping
 in 'reader', line 6, column 9:
            onFail: MARK_RAN
            ^
expected <block end>, but found '-'
 in 'reader', line 8, column 9:
            - tableExists:
            ^

	at org.springframework.beans.factory.support.AbstractAutowireCapableBeanFactory.initializeBean(AbstractAutowireCapableBeanFactory.java:1804)
	at org.springframework.beans.factory.support.AbstractAutowireCapableBeanFactory.doCreateBean(AbstractAutowireCapableBeanFactory.java:620)
	at org.springframework.beans.factory.support.AbstractAutowireCapableBeanFactory.createBean(AbstractAutowireCapableBeanFactory.java:542)
	at org.springframework.beans.factory.support.AbstractBeanFactory.lambda$doGetBean$0(AbstractBeanFactory.java:335)
	at org.springframework.beans.factory.support.DefaultSingletonBeanRegistry.getSingleton(DefaultSingletonBeanRegistry.java:234)
	at org.springframework.beans.factory.support.AbstractBeanFactory.doGetBean(AbstractBeanFactory.java:333)
	at org.springframework.beans.factory.support.AbstractBeanFactory.getBean(AbstractBeanFactory.java:208)
	at org.springframework.beans.factory.support.AbstractBeanFactory.doGetBean(AbstractBeanFactory.java:322)
	at org.springframework.beans.factory.support.AbstractBeanFactory.getBean(AbstractBeanFactory.java:208)
	at org.springframework.context.support.AbstractApplicationContext.getBean(AbstractApplicationContext.java:1168)
	at org.springframework.context.support.AbstractApplicationContext.finishBeanFactoryInitialization(AbstractApplicationContext.java:919)
	at org.springframework.context.support.AbstractApplicationContext.refresh(AbstractApplicationContext.java:591)
	at org.springframework.boot.SpringApplication.refresh(SpringApplication.java:732)
	at org.springframework.boot.SpringApplication.refreshContext(SpringApplication.java:409)
	at org.springframework.boot.SpringApplication.run(SpringApplication.java:308)
	at org.springframework.boot.test.context.SpringBootContextLoader.loadContext(SpringBootContextLoader.java:136)
	at org.springframework.test.context.cache.DefaultCacheAwareContextLoaderDelegate.loadContextInternal(DefaultCacheAwareContextLoaderDelegate.java:141)
	at org.springframework.test.context.cache.DefaultCacheAwareContextLoaderDelegate.loadContext(DefaultCacheAwareContextLoaderDelegate.java:90)
	... 67 common frames omitted
Caused by: liquibase.exception.ChangeLogParseException: Syntax error in file classpath:db/changelog/db.changelog-master.yaml: while parsing a block mapping
 in 'reader', line 6, column 9:
            onFail: MARK_RAN
            ^
expected <block end>, but found '-'
 in 'reader', line 8, column 9:
            - tableExists:
            ^

	at liquibase.parser.core.yaml.YamlChangeLogParser.parseYamlStream(YamlChangeLogParser.java:98)
	at liquibase.parser.core.yaml.YamlChangeLogParser.parse(YamlChangeLogParser.java:30)
	at liquibase.Liquibase.getDatabaseChangeLog(Liquibase.java:369)
	at liquibase.Liquibase.lambda$update$1(Liquibase.java:224)
	at liquibase.Scope.lambda$child$0(Scope.java:180)
	at liquibase.Scope.child(Scope.java:189)
	at liquibase.Scope.child(Scope.java:179)
	at liquibase.Scope.child(Scope.java:158)
	at liquibase.Liquibase.runInScope(Liquibase.java:2405)
	at liquibase.Liquibase.update(Liquibase.java:211)
	at liquibase.Liquibase.update(Liquibase.java:197)
	at liquibase.integration.spring.SpringLiquibase.performUpdate(SpringLiquibase.java:314)
	at liquibase.integration.spring.SpringLiquibase.afterPropertiesSet(SpringLiquibase.java:269)
	at org.springframework.beans.factory.support.AbstractAutowireCapableBeanFactory.invokeInitMethods(AbstractAutowireCapableBeanFactory.java:1863)
	at org.springframework.beans.factory.support.AbstractAutowireCapableBeanFactory.initializeBean(AbstractAutowireCapableBeanFactory.java:1800)
	... 84 common frames omitted
Caused by: org.yaml.snakeyaml.parser.ParserException: while parsing a block mapping
 in 'reader', line 6, column 9:
            onFail: MARK_RAN
            ^
expected <block end>, but found '-'
 in 'reader', line 8, column 9:
            - tableExists:
            ^

	at org.yaml.snakeyaml.parser.ParserImpl$ParseBlockMappingKey.produce(ParserImpl.java:644)
	at org.yaml.snakeyaml.parser.ParserImpl.peekEvent(ParserImpl.java:166)
	at org.yaml.snakeyaml.comments.CommentEventsCollector$1.peek(CommentEventsCollector.java:59)
	at org.yaml.snakeyaml.comments.CommentEventsCollector$1.peek(CommentEventsCollector.java:45)
	at org.yaml.snakeyaml.comments.CommentEventsCollector.collectEvents(CommentEventsCollector.java:140)
	at org.yaml.snakeyaml.comments.CommentEventsCollector.collectEvents(CommentEventsCollector.java:119)
	at org.yaml.snakeyaml.composer.Composer.composeScalarNode(Composer.java:214)
	at org.yaml.snakeyaml.composer.Composer.composeNode(Composer.java:184)
	at org.yaml.snakeyaml.composer.Composer.composeValueNode(Composer.java:314)
	at org.yaml.snakeyaml.composer.Composer.composeMappingChildren(Composer.java:305)
	at org.yaml.snakeyaml.composer.Composer.composeMappingNode(Composer.java:286)
	at org.yaml.snakeyaml.composer.Composer.composeNode(Composer.java:188)
	at org.yaml.snakeyaml.composer.Composer.composeValueNode(Composer.java:314)
	at org.yaml.snakeyaml.composer.Composer.composeMappingChildren(Composer.java:305)
	at org.yaml.snakeyaml.composer.Composer.composeMappingNode(Composer.java:286)
	at org.yaml.snakeyaml.composer.Composer.composeNode(Composer.java:188)
	at org.yaml.snakeyaml.composer.Composer.composeValueNode(Composer.java:314)
	at org.yaml.snakeyaml.composer.Composer.composeMappingChildren(Composer.java:305)
	at org.yaml.snakeyaml.composer.Composer.composeMappingNode(Composer.java:286)
	at org.yaml.snakeyaml.composer.Composer.composeNode(Composer.java:188)
	at org.yaml.snakeyaml.composer.Composer.composeSequenceNode(Composer.java:245)
	at org.yaml.snakeyaml.composer.Composer.composeNode(Composer.java:186)
	at org.yaml.snakeyaml.composer.Composer.composeValueNode(Composer.java:314)
	at org.yaml.snakeyaml.composer.Composer.composeMappingChildren(Composer.java:305)
	at org.yaml.snakeyaml.composer.Composer.composeMappingNode(Composer.java:286)
	at org.yaml.snakeyaml.composer.Composer.composeNode(Composer.java:188)
	at org.yaml.snakeyaml.composer.Composer.getNode(Composer.java:115)
	at org.yaml.snakeyaml.composer.Composer.getSingleNode(Composer.java:142)
	at org.yaml.snakeyaml.constructor.BaseConstructor.getSingleData(BaseConstructor.java:151)
	at org.yaml.snakeyaml.Yaml.loadFromReader(Yaml.java:491)
	at org.yaml.snakeyaml.Yaml.load(Yaml.java:429)
	at liquibase.parser.core.yaml.YamlChangeLogParser.parseYamlStream(YamlChangeLogParser.java:96)
	... 98 common frames omitted
2026-04-03 00:15:42.971 [main] ERROR c.l.siyubao.service.TextInMcpService parseTextInApiResponse - 解析TextIn API响应失败: TextIn API调用失败: 文件类型不支持 (错误码: 40303)
2026-04-03 00:18:00.147 [main] INFO  o.s.boot.StartupInfoLogger logStarting - Starting RouteIsolationTest using Java 17.0.15 on meizhiwendeMacBook-Pro.local with PID 65958 (started by meizhiwen in /Users/meizhiwen/dev/siyubao)
2026-04-03 00:18:00.149 [main] INFO  o.s.boot.SpringApplication logStartupProfileInfo - No active profile set, falling back to 1 default profile: "default"
2026-04-03 00:18:00.550 [main] INFO  o.s.d.r.c.RepositoryConfigurationDelegate registerRepositoriesIn - Bootstrapping Spring Data JPA repositories in DEFAULT mode.
2026-04-03 00:18:00.583 [main] INFO  o.s.d.r.c.RepositoryConfigurationDelegate registerRepositoriesIn - Finished Spring Data repository scanning in 28 ms. Found 3 JPA repository interfaces.
2026-04-03 00:18:01.062 [main] INFO  com.zaxxer.hikari.HikariDataSource getConnection - HikariPool-1 - Starting...
2026-04-03 00:18:01.179 [main] INFO  com.zaxxer.hikari.HikariDataSource getConnection - HikariPool-1 - Start completed.
2026-04-03 00:18:01.220 [main] INFO  liquibase.logging.core.JavaLogger log - Set default schema name to PUBLIC
2026-04-03 00:18:01.384 [main] INFO  liquibase.logging.core.JavaLogger log - Successfully acquired change log lock
2026-04-03 00:18:01.505 [main] INFO  liquibase.logging.core.JavaLogger log - Creating database history table with name: PUBLIC.DATABASECHANGELOG
2026-04-03 00:18:01.509 [main] INFO  liquibase.logging.core.JavaLogger log - Reading from PUBLIC.DATABASECHANGELOG
2026-04-03 00:18:01.567 [main] INFO  liquibase.logging.core.JavaLogger log - Marking ChangeSet: classpath:db/changelog/db.changelog-master.yaml::20260403-01-routes-add-card-key-column::trae ran despite precondition failure due to onFail='MARK_RAN': 
          classpath:db/changelog/db.changelog-master.yaml : Table PUBLIC.ROUTES does not exist

2026-04-03 00:18:01.572 [main] INFO  liquibase.logging.core.JavaLogger log - Marking ChangeSet: classpath:db/changelog/db.changelog-master.yaml::20260403-02-routes-create-card-key-index::trae ran despite precondition failure due to onFail='MARK_RAN': 
          classpath:db/changelog/db.changelog-master.yaml : Table PUBLIC.ROUTES does not exist

2026-04-03 00:18:01.575 [main] INFO  liquibase.logging.core.JavaLogger log - Successfully released change log lock
2026-04-03 00:18:01.672 [main] INFO  o.h.jpa.internal.util.LogHelper logPersistenceUnitInformation - HHH000204: Processing PersistenceUnitInfo [name: default]
2026-04-03 00:18:01.712 [main] INFO  org.hibernate.Version logVersion - HHH000412: Hibernate ORM core version 5.6.15.Final
2026-04-03 00:18:01.810 [main] INFO  o.h.a.c.r.java.JavaReflectionManager <clinit> - HCANN000001: Hibernate Commons Annotations {5.1.2.Final}
2026-04-03 00:18:01.907 [main] INFO  org.hibernate.dialect.Dialect <init> - HHH000400: Using dialect: org.hibernate.dialect.H2Dialect
2026-04-03 00:18:02.364 [main] INFO  o.h.e.t.j.p.i.JtaPlatformInitiator initiateService - HHH000490: Using JtaPlatform implementation: [org.hibernate.engine.transaction.jta.platform.internal.NoJtaPlatform]
2026-04-03 00:18:02.372 [main] INFO  o.s.o.j.AbstractEntityManagerFactoryBean buildNativeEntityManagerFactory - Initialized JPA EntityManagerFactory for persistence unit 'default'
2026-04-03 00:18:03.141 [main] INFO  c.l.siyubao.service.TextInMcpService init - TextIn API服务初始化完成 - enabled: true, appId: 已配置
2026-04-03 00:18:03.143 [main] INFO  c.l.siyubao.service.OcrService configureLibraryPath - 已配置macOS Tesseract库路径: /opt/homebrew/lib
2026-04-03 00:18:03.143 [main] INFO  c.l.siyubao.service.OcrService configureLibraryPath - 已配置tessdata路径: /opt/homebrew/share/tessdata
2026-04-03 00:18:03.148 [main] INFO  c.l.siyubao.service.OcrService initializeTesseract - Tesseract实例初始化成功
2026-04-03 00:18:03.148 [main] INFO  c.l.siyubao.service.OcrService init - OCR服务初始化成功，线程池大小: 2
2026-04-03 00:18:03.313 [main] WARN  o.s.b.a.o.j.JpaBaseConfiguration$JpaWebConfiguration openEntityManagerInViewInterceptor - spring.jpa.open-in-view is enabled by default. Therefore, database queries may be performed during view rendering. Explicitly configure spring.jpa.open-in-view to disable this warning
2026-04-03 00:18:03.524 [main] INFO  o.s.b.a.h.H2ConsoleAutoConfiguration logDataSources - H2 console available at '/h2-console'. Database available at 'jdbc:h2:mem:route_isolation_test'
2026-04-03 00:18:03.531 [main] INFO  o.s.b.a.w.s.WelcomePageHandlerMapping <init> - Adding welcome page template: index
2026-04-03 00:18:03.872 [main] INFO  o.s.boot.StartupInfoLogger logStarted - Started RouteIsolationTest in 3.912 seconds (JVM running for 4.304)
2026-04-03 00:18:03.894 [main] INFO  o.s.t.c.t.TransactionContext startTransaction - Began transaction (1) for test context [DefaultTestContext@f107c50 testClass = RouteIsolationTest, testInstance = cn.laobayou.siyubao.service.RouteIsolationTest@2db07651, testMethod = shouldIsolateRoutesByCardKeyForQueryAndMutation@RouteIsolationTest, testException = [null], mergedContextConfiguration = [WebMergedContextConfiguration@51133c06 testClass = RouteIsolationTest, locations = '{}', classes = '{class cn.laobayou.siyubao.SiyubaoApplication}', contextInitializerClasses = '[]', activeProfiles = '{}', propertySourceLocations = '{}', propertySourceProperties = '{spring.datasource.url=jdbc:h2:mem:route_isolation_test;MODE=MySQL;DB_CLOSE_DELAY=-1, spring.datasource.username=sa, spring.datasource.password=, spring.liquibase.enabled=true, spring.jpa.hibernate.ddl-auto=update, org.springframework.boot.test.context.SpringBootTestContextBootstrapper=true}', contextCustomizers = set[org.springframework.boot.test.context.filter.ExcludeFilterContextCustomizer@49dc7102, org.springframework.boot.test.json.DuplicateJsonObjectContextCustomizerFactory$DuplicateJsonObjectContextCustomizer@34f7cfd9, org.springframework.boot.test.mock.mockito.MockitoContextCustomizer@0, org.springframework.boot.test.web.client.TestRestTemplateContextCustomizer@41e1e210, org.springframework.boot.test.autoconfigure.actuate.metrics.MetricsExportContextCustomizerFactory$DisableMetricExportContextCustomizer@51dcb805, org.springframework.boot.test.autoconfigure.properties.PropertyMappingContextCustomizer@0, org.springframework.boot.test.autoconfigure.web.servlet.WebDriverContextCustomizerFactory$Customizer@57af006c, org.springframework.boot.test.context.SpringBootTestArgs@1, org.springframework.boot.test.context.SpringBootTestWebEnvironment@4bbfb90a], resourceBasePath = 'src/main/webapp', contextLoader = 'org.springframework.boot.test.context.SpringBootContextLoader', parent = [null]], attributes = map['org.springframework.test.context.web.ServletTestExecutionListener.activateListener' -> true, 'org.springframework.test.context.web.ServletTestExecutionListener.populatedRequestContextHolder' -> true, 'org.springframework.test.context.web.ServletTestExecutionListener.resetRequestContextHolder' -> true, 'org.springframework.test.context.event.ApplicationEventsTestExecutionListener.recordApplicationEvents' -> false]]; transaction manager [org.springframework.orm.jpa.JpaTransactionManager@289d9f0d]; rollback [true]
2026-04-03 00:18:04.129 [main] INFO  o.s.t.c.t.TransactionContext endTransaction - Rolled back transaction for test: [DefaultTestContext@f107c50 testClass = RouteIsolationTest, testInstance = cn.laobayou.siyubao.service.RouteIsolationTest@2db07651, testMethod = shouldIsolateRoutesByCardKeyForQueryAndMutation@RouteIsolationTest, testException = [null], mergedContextConfiguration = [WebMergedContextConfiguration@51133c06 testClass = RouteIsolationTest, locations = '{}', classes = '{class cn.laobayou.siyubao.SiyubaoApplication}', contextInitializerClasses = '[]', activeProfiles = '{}', propertySourceLocations = '{}', propertySourceProperties = '{spring.datasource.url=jdbc:h2:mem:route_isolation_test;MODE=MySQL;DB_CLOSE_DELAY=-1, spring.datasource.username=sa, spring.datasource.password=, spring.liquibase.enabled=true, spring.jpa.hibernate.ddl-auto=update, org.springframework.boot.test.context.SpringBootTestContextBootstrapper=true}', contextCustomizers = set[org.springframework.boot.test.context.filter.ExcludeFilterContextCustomizer@49dc7102, org.springframework.boot.test.json.DuplicateJsonObjectContextCustomizerFactory$DuplicateJsonObjectContextCustomizer@34f7cfd9, org.springframework.boot.test.mock.mockito.MockitoContextCustomizer@0, org.springframework.boot.test.web.client.TestRestTemplateContextCustomizer@41e1e210, org.springframework.boot.test.autoconfigure.actuate.metrics.MetricsExportContextCustomizerFactory$DisableMetricExportContextCustomizer@51dcb805, org.springframework.boot.test.autoconfigure.properties.PropertyMappingContextCustomizer@0, org.springframework.boot.test.autoconfigure.web.servlet.WebDriverContextCustomizerFactory$Customizer@57af006c, org.springframework.boot.test.context.SpringBootTestArgs@1, org.springframework.boot.test.context.SpringBootTestWebEnvironment@4bbfb90a], resourceBasePath = 'src/main/webapp', contextLoader = 'org.springframework.boot.test.context.SpringBootContextLoader', parent = [null]], attributes = map['org.springframework.test.context.web.ServletTestExecutionListener.activateListener' -> true, 'org.springframework.test.context.web.ServletTestExecutionListener.populatedRequestContextHolder' -> true, 'org.springframework.test.context.web.ServletTestExecutionListener.resetRequestContextHolder' -> true, 'org.springframework.test.context.event.ApplicationEventsTestExecutionListener.recordApplicationEvents' -> false]]
2026-04-03 00:18:04.360 [SpringApplicationShutdownHook] INFO  c.l.siyubao.service.OcrService destroy - 正在关闭OCR线程池...
2026-04-03 00:18:04.361 [SpringApplicationShutdownHook] INFO  c.l.siyubao.service.OcrService destroy - OCR服务资源清理完成
2026-04-03 00:18:04.362 [SpringApplicationShutdownHook] INFO  o.s.o.j.AbstractEntityManagerFactoryBean destroy - Closing JPA EntityManagerFactory for persistence unit 'default'
2026-04-03 00:18:04.365 [SpringApplicationShutdownHook] INFO  com.zaxxer.hikari.HikariDataSource close - HikariPool-1 - Shutdown initiated...
2026-04-03 00:18:04.370 [SpringApplicationShutdownHook] INFO  com.zaxxer.hikari.HikariDataSource close - HikariPool-1 - Shutdown completed.
2026-04-03 00:29:28.519 [restartedMain] INFO  o.s.boot.StartupInfoLogger logStarting - Starting SiyubaoApplication using Java 1.8.0_281 on meizhiwendeMacBook-Pro.local with PID 67967 (/Users/meizhiwen/dev/siyubao/target/classes started by meizhiwen in /Users/meizhiwen/dev/siyubao)
2026-04-03 00:29:28.521 [restartedMain] INFO  o.s.boot.SpringApplication logStartupProfileInfo - No active profile set, falling back to 1 default profile: "default"
2026-04-03 00:29:28.572 [restartedMain] INFO  o.s.boot.logging.DeferredLog logTo - Devtools property defaults active! Set 'spring.devtools.add-properties' to 'false' to disable
2026-04-03 00:29:28.572 [restartedMain] INFO  o.s.boot.logging.DeferredLog logTo - For additional web related logging consider setting the 'logging.level.web' property to 'DEBUG'
2026-04-03 00:29:29.604 [restartedMain] INFO  o.s.d.r.c.RepositoryConfigurationDelegate registerRepositoriesIn - Bootstrapping Spring Data JPA repositories in DEFAULT mode.
2026-04-03 00:29:29.735 [restartedMain] INFO  o.s.d.r.c.RepositoryConfigurationDelegate registerRepositoriesIn - Finished Spring Data repository scanning in 121 ms. Found 3 JPA repository interfaces.
2026-04-03 00:29:30.517 [restartedMain] INFO  o.s.b.w.e.tomcat.TomcatWebServer initialize - Tomcat initialized with port(s): 6942 (http)
2026-04-03 00:29:30.523 [restartedMain] INFO  org.apache.juli.logging.DirectJDKLog log - Initializing ProtocolHandler ["http-nio-0.0.0.0-6942"]
2026-04-03 00:29:30.524 [restartedMain] INFO  org.apache.juli.logging.DirectJDKLog log - Starting service [Tomcat]
2026-04-03 00:29:30.524 [restartedMain] INFO  org.apache.juli.logging.DirectJDKLog log - Starting Servlet engine: [Apache Tomcat/9.0.83]
2026-04-03 00:29:30.607 [restartedMain] INFO  org.apache.juli.logging.DirectJDKLog log - Initializing Spring embedded WebApplicationContext
2026-04-03 00:29:30.608 [restartedMain] INFO  o.s.b.w.s.c.ServletWebServerApplicationContext prepareWebApplicationContext - Root WebApplicationContext: initialization completed in 2035 ms
2026-04-03 00:29:30.644 [restartedMain] INFO  com.zaxxer.hikari.HikariDataSource getConnection - HikariPool-1 - Starting...
2026-04-03 00:29:30.876 [restartedMain] INFO  com.zaxxer.hikari.HikariDataSource getConnection - HikariPool-1 - Start completed.
2026-04-03 00:29:30.894 [restartedMain] INFO  o.s.b.a.h.H2ConsoleAutoConfiguration logDataSources - H2 console available at '/h2-console'. Database available at 'jdbc:h2:file:./data/siyubao'
2026-04-03 00:29:31.163 [restartedMain] INFO  liquibase.logging.core.JavaLogger log - Set default schema name to PUBLIC
2026-04-03 00:29:31.394 [restartedMain] INFO  liquibase.logging.core.JavaLogger log - Successfully acquired change log lock
2026-04-03 00:29:31.632 [restartedMain] INFO  liquibase.logging.core.JavaLogger log - Creating database history table with name: PUBLIC.DATABASECHANGELOG
2026-04-03 00:29:31.638 [restartedMain] INFO  liquibase.logging.core.JavaLogger log - Reading from PUBLIC.DATABASECHANGELOG
2026-04-03 00:29:31.739 [restartedMain] INFO  liquibase.logging.core.JavaLogger log - Columns CARD_KEY(VARCHAR(255)) added to ROUTES
2026-04-03 00:29:31.740 [restartedMain] INFO  liquibase.logging.core.JavaLogger log - ChangeSet classpath:db/changelog/db.changelog-master.yaml::20260403-01-routes-add-card-key-column::trae ran successfully in 35ms
2026-04-03 00:29:31.761 [restartedMain] INFO  liquibase.logging.core.JavaLogger log - Index IDX_ROUTES_CARD_KEY created
2026-04-03 00:29:31.762 [restartedMain] INFO  liquibase.logging.core.JavaLogger log - ChangeSet classpath:db/changelog/db.changelog-master.yaml::20260403-02-routes-create-card-key-index::trae ran successfully in 16ms
2026-04-03 00:29:31.764 [restartedMain] INFO  liquibase.logging.core.JavaLogger log - Successfully released change log lock
2026-04-03 00:29:31.887 [restartedMain] INFO  o.h.jpa.internal.util.LogHelper logPersistenceUnitInformation - HHH000204: Processing PersistenceUnitInfo [name: default]
2026-04-03 00:29:31.927 [restartedMain] INFO  org.hibernate.Version logVersion - HHH000412: Hibernate ORM core version 5.6.15.Final
2026-04-03 00:29:32.067 [restartedMain] INFO  o.h.a.c.r.java.JavaReflectionManager <clinit> - HCANN000001: Hibernate Commons Annotations {5.1.2.Final}
2026-04-03 00:29:32.190 [restartedMain] INFO  org.hibernate.dialect.Dialect <init> - HHH000400: Using dialect: org.hibernate.dialect.H2Dialect
2026-04-03 00:29:33.161 [restartedMain] INFO  o.h.e.t.j.p.i.JtaPlatformInitiator initiateService - HHH000490: Using JtaPlatform implementation: [org.hibernate.engine.transaction.jta.platform.internal.NoJtaPlatform]
2026-04-03 00:29:33.168 [restartedMain] INFO  o.s.o.j.AbstractEntityManagerFactoryBean buildNativeEntityManagerFactory - Initialized JPA EntityManagerFactory for persistence unit 'default'
2026-04-03 00:29:34.378 [restartedMain] INFO  c.l.siyubao.service.TextInMcpService init - TextIn API服务初始化完成 - enabled: true, appId: 已配置
2026-04-03 00:29:34.381 [restartedMain] INFO  c.l.siyubao.service.OcrService configureLibraryPath - 已配置macOS Tesseract库路径: /opt/homebrew/lib
2026-04-03 00:29:34.382 [restartedMain] INFO  c.l.siyubao.service.OcrService configureLibraryPath - 已配置tessdata路径: /opt/homebrew/share/tessdata
2026-04-03 00:29:34.383 [restartedMain] INFO  c.l.siyubao.service.OcrService initializeTesseract - Tesseract实例初始化成功
2026-04-03 00:29:34.383 [restartedMain] INFO  c.l.siyubao.service.OcrService init - OCR服务初始化成功，线程池大小: 2
2026-04-03 00:29:34.447 [restartedMain] WARN  o.s.b.a.o.j.JpaBaseConfiguration$JpaWebConfiguration openEntityManagerInViewInterceptor - spring.jpa.open-in-view is enabled by default. Therefore, database queries may be performed during view rendering. Explicitly configure spring.jpa.open-in-view to disable this warning
2026-04-03 00:29:34.600 [restartedMain] INFO  o.s.b.a.w.s.WelcomePageHandlerMapping <init> - Adding welcome page template: index
2026-04-03 00:29:35.170 [restartedMain] INFO  o.s.b.d.a.OptionalLiveReloadServer startServer - LiveReload server is running on port 35729
2026-04-03 00:29:35.193 [restartedMain] INFO  org.apache.juli.logging.DirectJDKLog log - Starting ProtocolHandler ["http-nio-0.0.0.0-6942"]
2026-04-03 00:29:35.216 [restartedMain] INFO  o.s.b.w.e.tomcat.TomcatWebServer start - Tomcat started on port(s): 6942 (http) with context path ''
2026-04-03 00:29:35.228 [restartedMain] INFO  o.s.boot.StartupInfoLogger logStarted - Started SiyubaoApplication in 7.274 seconds (JVM running for 8.049)
2026-04-03 00:30:19.814 [http-nio-0.0.0.0-6942-exec-1] INFO  org.apache.juli.logging.DirectJDKLog log - Initializing Spring DispatcherServlet 'dispatcherServlet'
2026-04-03 00:30:19.815 [http-nio-0.0.0.0-6942-exec-1] INFO  o.s.web.servlet.FrameworkServlet initServletBean - Initializing Servlet 'dispatcherServlet'
2026-04-03 00:30:19.821 [http-nio-0.0.0.0-6942-exec-1] INFO  o.s.web.servlet.FrameworkServlet initServletBean - Completed initialization in 5 ms
2026-04-03 00:30:19.856 [http-nio-0.0.0.0-6942-exec-1] INFO  c.l.s.controller.HomeController index - 访问首页
2026-04-03 00:30:30.764 [http-nio-0.0.0.0-6942-exec-4] INFO  c.l.s.controller.HomeController index - 访问首页
2026-04-03 00:30:37.526 [http-nio-0.0.0.0-6942-exec-9] INFO  c.l.s.c.ChatPreviewController chatPreview - 访问聊天预览页面，xianlu参数: null
2026-04-03 00:32:14.818 [http-nio-0.0.0.0-6942-exec-1] INFO  c.l.s.controller.HomeController index - 访问首页
2026-04-03 00:32:23.649 [http-nio-0.0.0.0-6942-exec-9] INFO  c.l.s.c.ChatPreviewController chatPreview - 访问聊天预览页面，xianlu参数: null
2026-04-03 00:34:08.580 [http-nio-0.0.0.0-6942-exec-5] INFO  c.l.s.controller.HomeController index - 访问首页
2026-04-03 00:34:10.534 [http-nio-0.0.0.0-6942-exec-2] INFO  c.l.s.c.ChatPreviewController chatPreview - 访问聊天预览页面，xianlu参数: null
2026-04-03 00:34:11.870 [http-nio-0.0.0.0-6942-exec-9] INFO  c.l.s.controller.HomeController index - 访问首页
2026-04-03 00:35:23.881 [http-nio-0.0.0.0-6942-exec-1] INFO  c.l.s.c.ChatPreviewController chatPreview - 访问聊天预览页面，xianlu参数: null
2026-04-03 00:36:32.053 [http-nio-0.0.0.0-6942-exec-8] INFO  c.l.s.controller.HomeController index - 访问首页
2026-04-03 01:00:19.768 [HikariPool-1 housekeeper] WARN  c.z.h.pool.HikariPool$HouseKeeper run - HikariPool-1 - Thread starvation or clock leap detected (housekeeper delta=17m18s683ms).
2026-04-03 01:16:40.578 [HikariPool-1 housekeeper] WARN  c.z.h.pool.HikariPool$HouseKeeper run - HikariPool-1 - Thread starvation or clock leap detected (housekeeper delta=16m20s812ms).
2026-04-03 01:33:50.023 [HikariPool-1 housekeeper] WARN  c.z.h.pool.HikariPool$HouseKeeper run - HikariPool-1 - Thread starvation or clock leap detected (housekeeper delta=17m9s445ms).
2026-04-03 01:52:01.722 [HikariPool-1 housekeeper] WARN  c.z.h.pool.HikariPool$HouseKeeper run - HikariPool-1 - Thread starvation or clock leap detected (housekeeper delta=18m11s700ms).
2026-04-03 01:53:46.316 [HikariPool-1 housekeeper] WARN  c.z.h.pool.HikariPool$HouseKeeper run - HikariPool-1 - Thread starvation or clock leap detected (housekeeper delta=1m44s593ms).
2026-04-03 02:11:08.214 [HikariPool-1 housekeeper] WARN  c.z.h.pool.HikariPool$HouseKeeper run - HikariPool-1 - Thread starvation or clock leap detected (housekeeper delta=17m21s899ms).
2026-04-03 02:30:18.864 [HikariPool-1 housekeeper] WARN  c.z.h.pool.HikariPool$HouseKeeper run - HikariPool-1 - Thread starvation or clock leap detected (housekeeper delta=19m10s650ms).
2026-04-03 02:31:38.612 [HikariPool-1 housekeeper] WARN  c.z.h.pool.HikariPool$HouseKeeper run - HikariPool-1 - Thread starvation or clock leap detected (housekeeper delta=1m19s748ms).
2026-04-03 02:44:04.369 [HikariPool-1 housekeeper] WARN  c.z.h.pool.HikariPool$HouseKeeper run - HikariPool-1 - Thread starvation or clock leap detected (housekeeper delta=12m25s757ms).
2026-04-03 03:00:46.976 [HikariPool-1 housekeeper] WARN  c.z.h.pool.HikariPool$HouseKeeper run - HikariPool-1 - Thread starvation or clock leap detected (housekeeper delta=16m42s607ms).
2026-04-03 03:02:56.297 [HikariPool-1 housekeeper] WARN  c.z.h.pool.HikariPool$HouseKeeper run - HikariPool-1 - Thread starvation or clock leap detected (housekeeper delta=2m9s321ms).
2026-04-03 03:21:12.890 [HikariPool-1 housekeeper] WARN  c.z.h.pool.HikariPool$HouseKeeper run - HikariPool-1 - Thread starvation or clock leap detected (housekeeper delta=18m16s593ms).
2026-04-03 03:39:56.305 [HikariPool-1 housekeeper] WARN  c.z.h.pool.HikariPool$HouseKeeper run - HikariPool-1 - Thread starvation or clock leap detected (housekeeper delta=18m43s415ms).
2026-04-03 03:57:55.931 [HikariPool-1 housekeeper] WARN  c.z.h.pool.HikariPool$HouseKeeper run - HikariPool-1 - Thread starvation or clock leap detected (housekeeper delta=17m59s625ms).
2026-04-03 04:15:05.573 [HikariPool-1 housekeeper] WARN  c.z.h.pool.HikariPool$HouseKeeper run - HikariPool-1 - Thread starvation or clock leap detected (housekeeper delta=17m9s643ms).
2026-04-03 04:16:50.206 [HikariPool-1 housekeeper] WARN  c.z.h.pool.HikariPool$HouseKeeper run - HikariPool-1 - Thread starvation or clock leap detected (housekeeper delta=1m44s633ms).
2026-04-03 04:36:09.267 [HikariPool-1 housekeeper] WARN  c.z.h.pool.HikariPool$HouseKeeper run - HikariPool-1 - Thread starvation or clock leap detected (housekeeper delta=19m19s60ms).
2026-04-03 04:38:18.792 [HikariPool-1 housekeeper] WARN  c.z.h.pool.HikariPool$HouseKeeper run - HikariPool-1 - Thread starvation or clock leap detected (housekeeper delta=2m9s526ms).
2026-04-03 04:57:22.202 [HikariPool-1 housekeeper] WARN  c.z.h.pool.HikariPool$HouseKeeper run - HikariPool-1 - Thread starvation or clock leap detected (housekeeper delta=19m3s410ms).
2026-04-03 05:15:04.698 [HikariPool-1 housekeeper] WARN  c.z.h.pool.HikariPool$HouseKeeper run - HikariPool-1 - Thread starvation or clock leap detected (housekeeper delta=17m42s496ms).
2026-04-03 05:16:49.351 [HikariPool-1 housekeeper] WARN  c.z.h.pool.HikariPool$HouseKeeper run - HikariPool-1 - Thread starvation or clock leap detected (housekeeper delta=1m44s653ms).
2026-04-03 05:36:19.704 [HikariPool-1 housekeeper] WARN  c.z.h.pool.HikariPool$HouseKeeper run - HikariPool-1 - Thread starvation or clock leap detected (housekeeper delta=19m30s353ms).
2026-04-03 05:55:13.818 [HikariPool-1 housekeeper] WARN  c.z.h.pool.HikariPool$HouseKeeper run - HikariPool-1 - Thread starvation or clock leap detected (housekeeper delta=18m54s114ms).
2026-04-03 06:01:08.112 [HikariPool-1 housekeeper] WARN  c.z.h.pool.HikariPool$HouseKeeper run - HikariPool-1 - Thread starvation or clock leap detected (housekeeper delta=5m54s293ms).
2026-04-03 06:17:53.689 [HikariPool-1 housekeeper] WARN  c.z.h.pool.HikariPool$HouseKeeper run - HikariPool-1 - Thread starvation or clock leap detected (housekeeper delta=16m45s577ms).
2026-04-03 06:19:38.261 [HikariPool-1 housekeeper] WARN  c.z.h.pool.HikariPool$HouseKeeper run - HikariPool-1 - Thread starvation or clock leap detected (housekeeper delta=1m44s573ms).
2026-04-03 06:36:49.747 [HikariPool-1 housekeeper] WARN  c.z.h.pool.HikariPool$HouseKeeper run - HikariPool-1 - Thread starvation or clock leap detected (housekeeper delta=17m11s485ms).
2026-04-03 06:38:59.350 [HikariPool-1 housekeeper] WARN  c.z.h.pool.HikariPool$HouseKeeper run - HikariPool-1 - Thread starvation or clock leap detected (housekeeper delta=2m9s604ms).
2026-04-03 07:13:14.706 [HikariPool-1 housekeeper] WARN  c.z.h.pool.HikariPool$HouseKeeper run - HikariPool-1 - Thread starvation or clock leap detected (housekeeper delta=34m15s356ms).
2026-04-03 07:15:49.077 [HikariPool-1 housekeeper] WARN  c.z.h.pool.HikariPool$HouseKeeper run - HikariPool-1 - Thread starvation or clock leap detected (housekeeper delta=2m34s371ms).
2026-04-03 07:33:21.675 [HikariPool-1 housekeeper] WARN  c.z.h.pool.HikariPool$HouseKeeper run - HikariPool-1 - Thread starvation or clock leap detected (housekeeper delta=17m32s598ms).
2026-04-03 07:51:42.610 [HikariPool-1 housekeeper] WARN  c.z.h.pool.HikariPool$HouseKeeper run - HikariPool-1 - Thread starvation or clock leap detected (housekeeper delta=18m20s934ms).
2026-04-03 07:53:52.089 [HikariPool-1 housekeeper] WARN  c.z.h.pool.HikariPool$HouseKeeper run - HikariPool-1 - Thread starvation or clock leap detected (housekeeper delta=2m9s480ms).
2026-04-03 08:20:31.557 [HikariPool-1 housekeeper] WARN  c.z.h.pool.HikariPool$HouseKeeper run - HikariPool-1 - Thread starvation or clock leap detected (housekeeper delta=26m39s467ms).
2026-04-03 08:22:41.044 [HikariPool-1 housekeeper] WARN  c.z.h.pool.HikariPool$HouseKeeper run - HikariPool-1 - Thread starvation or clock leap detected (housekeeper delta=2m9s487ms).
2026-04-03 08:39:52.484 [HikariPool-1 housekeeper] WARN  c.z.h.pool.HikariPool$HouseKeeper run - HikariPool-1 - Thread starvation or clock leap detected (housekeeper delta=17m11s441ms).
2026-04-03 08:53:08.039 [HikariPool-1 housekeeper] WARN  c.z.h.pool.HikariPool$HouseKeeper run - HikariPool-1 - Thread starvation or clock leap detected (housekeeper delta=13m15s555ms).
2026-04-03 09:04:40.448 [HikariPool-1 housekeeper] WARN  c.z.h.pool.HikariPool$HouseKeeper run - HikariPool-1 - Thread starvation or clock leap detected (housekeeper delta=11m32s408ms).
2026-04-03 09:21:56.204 [HikariPool-1 housekeeper] WARN  c.z.h.pool.HikariPool$HouseKeeper run - HikariPool-1 - Thread starvation or clock leap detected (housekeeper delta=17m15s757ms).
2026-04-03 09:23:40.909 [HikariPool-1 housekeeper] WARN  c.z.h.pool.HikariPool$HouseKeeper run - HikariPool-1 - Thread starvation or clock leap detected (housekeeper delta=1m44s705ms).
2026-04-03 09:41:41.195 [HikariPool-1 housekeeper] WARN  c.z.h.pool.HikariPool$HouseKeeper run - HikariPool-1 - Thread starvation or clock leap detected (housekeeper delta=18m286ms).
2026-04-03 09:43:25.847 [HikariPool-1 housekeeper] WARN  c.z.h.pool.HikariPool$HouseKeeper run - HikariPool-1 - Thread starvation or clock leap detected (housekeeper delta=1m44s652ms).
2026-04-03 10:02:39.860 [HikariPool-1 housekeeper] WARN  c.z.h.pool.HikariPool$HouseKeeper run - HikariPool-1 - Thread starvation or clock leap detected (housekeeper delta=19m14s12ms).
2026-04-03 10:21:56.061 [HikariPool-1 housekeeper] WARN  c.z.h.pool.HikariPool$HouseKeeper run - HikariPool-1 - Thread starvation or clock leap detected (housekeeper delta=19m16s202ms).
2026-04-03 10:39:39.417 [HikariPool-1 housekeeper] WARN  c.z.h.pool.HikariPool$HouseKeeper run - HikariPool-1 - Thread starvation or clock leap detected (housekeeper delta=17m43s355ms).
2026-04-03 10:41:49.010 [HikariPool-1 housekeeper] WARN  c.z.h.pool.HikariPool$HouseKeeper run - HikariPool-1 - Thread starvation or clock leap detected (housekeeper delta=2m9s594ms).
2026-04-03 11:00:02.653 [HikariPool-1 housekeeper] WARN  c.z.h.pool.HikariPool$HouseKeeper run - HikariPool-1 - Thread starvation or clock leap detected (housekeeper delta=18m13s642ms).
2026-04-03 11:04:45.920 [HikariPool-1 housekeeper] WARN  c.z.h.pool.HikariPool$HouseKeeper run - HikariPool-1 - Thread starvation or clock leap detected (housekeeper delta=4m43s264ms).
2026-04-03 11:24:24.383 [HikariPool-1 housekeeper] WARN  c.z.h.pool.HikariPool$HouseKeeper run - HikariPool-1 - Thread starvation or clock leap detected (housekeeper delta=19m38s467ms).
2026-04-03 11:41:20.857 [HikariPool-1 housekeeper] WARN  c.z.h.pool.HikariPool$HouseKeeper run - HikariPool-1 - Thread starvation or clock leap detected (housekeeper delta=16m56s473ms).
2026-04-03 11:42:15.768 [HikariPool-1 housekeeper] WARN  c.z.h.pool.HikariPool$HouseKeeper run - HikariPool-1 - Thread starvation or clock leap detected (housekeeper delta=54s911ms).
2026-04-03 11:58:35.607 [HikariPool-1 housekeeper] WARN  c.z.h.pool.HikariPool$HouseKeeper run - HikariPool-1 - Thread starvation or clock leap detected (housekeeper delta=16m19s840ms).
2026-04-03 12:05:27.928 [HikariPool-1 housekeeper] WARN  c.z.h.pool.HikariPool$HouseKeeper run - HikariPool-1 - Thread starvation or clock leap detected (housekeeper delta=6m52s321ms).
2026-04-03 13:06:22.235 [HikariPool-1 housekeeper] WARN  c.z.h.pool.HikariPool$HouseKeeper run - HikariPool-1 - Thread starvation or clock leap detected (housekeeper delta=1h54s306ms).
2026-04-03 13:56:14.093 [HikariPool-1 housekeeper] WARN  c.z.h.pool.HikariPool$HouseKeeper run - HikariPool-1 - Thread starvation or clock leap detected (housekeeper delta=49m51s859ms).
2026-04-03 14:08:16.975 [HikariPool-1 housekeeper] WARN  c.z.h.pool.HikariPool$HouseKeeper run - HikariPool-1 - Thread starvation or clock leap detected (housekeeper delta=12m2s881ms).
2026-04-03 14:25:57.906 [HikariPool-1 housekeeper] WARN  c.z.h.pool.HikariPool$HouseKeeper run - HikariPool-1 - Thread starvation or clock leap detected (housekeeper delta=17m40s932ms).
2026-04-03 14:28:07.507 [HikariPool-1 housekeeper] WARN  c.z.h.pool.HikariPool$HouseKeeper run - HikariPool-1 - Thread starvation or clock leap detected (housekeeper delta=2m9s601ms).
2026-04-03 14:47:13.902 [HikariPool-1 housekeeper] WARN  c.z.h.pool.HikariPool$HouseKeeper run - HikariPool-1 - Thread starvation or clock leap detected (housekeeper delta=19m6s393ms).
2026-04-03 15:06:44.315 [HikariPool-1 housekeeper] WARN  c.z.h.pool.HikariPool$HouseKeeper run - HikariPool-1 - Thread starvation or clock leap detected (housekeeper delta=19m30s414ms).
2026-04-03 15:33:53.665 [SpringApplicationShutdownHook] INFO  c.l.siyubao.service.OcrService destroy - 正在关闭OCR线程池...
2026-04-03 15:33:53.669 [SpringApplicationShutdownHook] INFO  c.l.siyubao.service.OcrService destroy - OCR服务资源清理完成
2026-04-03 15:33:53.672 [SpringApplicationShutdownHook] INFO  o.s.o.j.AbstractEntityManagerFactoryBean destroy - Closing JPA EntityManagerFactory for persistence unit 'default'
2026-04-03 15:33:53.682 [SpringApplicationShutdownHook] INFO  com.zaxxer.hikari.HikariDataSource close - HikariPool-1 - Shutdown initiated...
2026-04-03 15:33:53.744 [SpringApplicationShutdownHook] INFO  com.zaxxer.hikari.HikariDataSource close - HikariPool-1 - Shutdown completed.
2026-04-03 15:38:23.724 [restartedMain] INFO  o.s.boot.StartupInfoLogger logStarting - Starting SiyubaoApplication using Java 1.8.0_281 on meizhiwendeMacBook-Pro.local with PID 71116 (/Users/meizhiwen/dev/siyubao/target/classes started by meizhiwen in /Users/meizhiwen/dev/siyubao)
2026-04-03 15:38:23.728 [restartedMain] INFO  o.s.boot.SpringApplication logStartupProfileInfo - No active profile set, falling back to 1 default profile: "default"
2026-04-03 15:38:23.806 [restartedMain] INFO  o.s.boot.logging.DeferredLog logTo - Devtools property defaults active! Set 'spring.devtools.add-properties' to 'false' to disable
2026-04-03 15:38:23.806 [restartedMain] INFO  o.s.boot.logging.DeferredLog logTo - For additional web related logging consider setting the 'logging.level.web' property to 'DEBUG'
2026-04-03 15:38:25.230 [restartedMain] INFO  o.s.d.r.c.RepositoryConfigurationDelegate registerRepositoriesIn - Bootstrapping Spring Data JPA repositories in DEFAULT mode.
2026-04-03 15:38:25.331 [restartedMain] INFO  o.s.d.r.c.RepositoryConfigurationDelegate registerRepositoriesIn - Finished Spring Data repository scanning in 76 ms. Found 3 JPA repository interfaces.
2026-04-03 15:38:26.278 [restartedMain] INFO  o.s.b.w.e.tomcat.TomcatWebServer initialize - Tomcat initialized with port(s): 6942 (http)
2026-04-03 15:38:26.305 [restartedMain] INFO  org.apache.juli.logging.DirectJDKLog log - Initializing ProtocolHandler ["http-nio-0.0.0.0-6942"]
2026-04-03 15:38:26.316 [restartedMain] INFO  org.apache.juli.logging.DirectJDKLog log - Starting service [Tomcat]
2026-04-03 15:38:26.317 [restartedMain] INFO  org.apache.juli.logging.DirectJDKLog log - Starting Servlet engine: [Apache Tomcat/9.0.83]
2026-04-03 15:38:26.467 [restartedMain] INFO  org.apache.juli.logging.DirectJDKLog log - Initializing Spring embedded WebApplicationContext
2026-04-03 15:38:26.468 [restartedMain] INFO  o.s.b.w.s.c.ServletWebServerApplicationContext prepareWebApplicationContext - Root WebApplicationContext: initialization completed in 2661 ms
2026-04-03 15:38:26.547 [restartedMain] INFO  com.zaxxer.hikari.HikariDataSource getConnection - HikariPool-1 - Starting...
2026-04-03 15:38:26.860 [restartedMain] INFO  com.zaxxer.hikari.HikariDataSource getConnection - HikariPool-1 - Start completed.
2026-04-03 15:38:26.877 [restartedMain] INFO  o.s.b.a.h.H2ConsoleAutoConfiguration logDataSources - H2 console available at '/h2-console'. Database available at 'jdbc:h2:file:./data/siyubao'
2026-04-03 15:38:27.136 [restartedMain] INFO  liquibase.logging.core.JavaLogger log - Set default schema name to PUBLIC
2026-04-03 15:38:27.385 [restartedMain] INFO  liquibase.logging.core.JavaLogger log - Successfully acquired change log lock
2026-04-03 15:38:27.639 [restartedMain] INFO  liquibase.logging.core.JavaLogger log - Reading from PUBLIC.DATABASECHANGELOG
2026-04-03 15:38:27.672 [restartedMain] INFO  liquibase.logging.core.JavaLogger log - Successfully released change log lock
2026-04-03 15:38:27.787 [restartedMain] INFO  o.h.jpa.internal.util.LogHelper logPersistenceUnitInformation - HHH000204: Processing PersistenceUnitInfo [name: default]
2026-04-03 15:38:27.819 [restartedMain] INFO  org.hibernate.Version logVersion - HHH000412: Hibernate ORM core version 5.6.15.Final
2026-04-03 15:38:27.914 [restartedMain] INFO  o.h.a.c.r.java.JavaReflectionManager <clinit> - HCANN000001: Hibernate Commons Annotations {5.1.2.Final}
2026-04-03 15:38:27.980 [restartedMain] INFO  org.hibernate.dialect.Dialect <init> - HHH000400: Using dialect: org.hibernate.dialect.H2Dialect
2026-04-03 15:38:28.487 [restartedMain] INFO  o.h.e.t.j.p.i.JtaPlatformInitiator initiateService - HHH000490: Using JtaPlatform implementation: [org.hibernate.engine.transaction.jta.platform.internal.NoJtaPlatform]
2026-04-03 15:38:28.493 [restartedMain] INFO  o.s.o.j.AbstractEntityManagerFactoryBean buildNativeEntityManagerFactory - Initialized JPA EntityManagerFactory for persistence unit 'default'
2026-04-03 15:38:29.438 [restartedMain] INFO  c.l.siyubao.service.TextInMcpService init - TextIn API服务初始化完成 - enabled: true, appId: 已配置
2026-04-03 15:38:29.441 [restartedMain] INFO  c.l.siyubao.service.OcrService configureLibraryPath - 已配置macOS Tesseract库路径: /opt/homebrew/lib
2026-04-03 15:38:29.442 [restartedMain] INFO  c.l.siyubao.service.OcrService configureLibraryPath - 已配置tessdata路径: /opt/homebrew/share/tessdata
2026-04-03 15:38:29.443 [restartedMain] INFO  c.l.siyubao.service.OcrService initializeTesseract - Tesseract实例初始化成功
2026-04-03 15:38:29.444 [restartedMain] INFO  c.l.siyubao.service.OcrService init - OCR服务初始化成功，线程池大小: 2
2026-04-03 15:38:29.497 [restartedMain] WARN  o.s.b.a.o.j.JpaBaseConfiguration$JpaWebConfiguration openEntityManagerInViewInterceptor - spring.jpa.open-in-view is enabled by default. Therefore, database queries may be performed during view rendering. Explicitly configure spring.jpa.open-in-view to disable this warning
2026-04-03 15:38:29.620 [restartedMain] INFO  o.s.b.a.w.s.WelcomePageHandlerMapping <init> - Adding welcome page template: index
2026-04-03 15:38:30.262 [restartedMain] INFO  o.s.b.d.a.OptionalLiveReloadServer startServer - LiveReload server is running on port 35729
2026-04-03 15:38:30.288 [restartedMain] INFO  org.apache.juli.logging.DirectJDKLog log - Starting ProtocolHandler ["http-nio-0.0.0.0-6942"]
2026-04-03 15:38:30.322 [restartedMain] INFO  o.s.b.w.e.tomcat.TomcatWebServer start - Tomcat started on port(s): 6942 (http) with context path ''
2026-04-03 15:38:30.340 [restartedMain] INFO  o.s.boot.StartupInfoLogger logStarted - Started SiyubaoApplication in 8.032 seconds (JVM running for 9.852)
2026-04-03 15:39:22.676 [http-nio-0.0.0.0-6942-exec-1] INFO  org.apache.juli.logging.DirectJDKLog log - Initializing Spring DispatcherServlet 'dispatcherServlet'
2026-04-03 15:39:22.678 [http-nio-0.0.0.0-6942-exec-1] INFO  o.s.web.servlet.FrameworkServlet initServletBean - Initializing Servlet 'dispatcherServlet'
2026-04-03 15:39:22.684 [http-nio-0.0.0.0-6942-exec-1] INFO  o.s.web.servlet.FrameworkServlet initServletBean - Completed initialization in 6 ms
2026-04-03 16:04:12.707 [HikariPool-1 housekeeper] WARN  c.z.h.pool.HikariPool$HouseKeeper run - HikariPool-1 - Thread starvation or clock leap detected (housekeeper delta=15m45s690ms).
2026-04-03 16:05:57.161 [HikariPool-1 housekeeper] WARN  c.z.h.pool.HikariPool$HouseKeeper run - HikariPool-1 - Thread starvation or clock leap detected (housekeeper delta=1m44s458ms).
2026-04-03 16:32:51.316 [http-nio-0.0.0.0-6942-exec-4] ERROR c.l.s.c.CustomErrorController logError - 系统异常处理 - 错误代码: ERR_404_20260403163251_1E0A9A21, 状态码: 404, 请求URI: /card-key, 错误消息: , 客户端IP: 0:0:0:0:0:0:0:1, User-Agent: Mozilla/5.0 (Macintosh; Intel Mac OS X 10_15_7) AppleWebKit/537.36 (KHTML, like Gecko) Chrome/146.0.0.0 Safari/537.36
2026-04-03 16:52:18.626 [SpringApplicationShutdownHook] INFO  c.l.siyubao.service.OcrService destroy - 正在关闭OCR线程池...
2026-04-03 16:52:18.629 [SpringApplicationShutdownHook] INFO  c.l.siyubao.service.OcrService destroy - OCR服务资源清理完成
2026-04-03 16:52:18.630 [SpringApplicationShutdownHook] INFO  o.s.o.j.AbstractEntityManagerFactoryBean destroy - Closing JPA EntityManagerFactory for persistence unit 'default'
2026-04-03 16:52:18.642 [SpringApplicationShutdownHook] INFO  com.zaxxer.hikari.HikariDataSource close - HikariPool-1 - Shutdown initiated...
2026-04-03 16:52:18.671 [SpringApplicationShutdownHook] INFO  com.zaxxer.hikari.HikariDataSource close - HikariPool-1 - Shutdown completed.
2026-04-03 23:13:30.670 [restartedMain] INFO  o.s.boot.StartupInfoLogger logStarting - Starting SiyubaoApplication using Java 1.8.0_281 on meizhiwendeMacBook-Pro.local with PID 88567 (/Users/meizhiwen/dev/siyubao/user-app/target/classes started by meizhiwen in /Users/meizhiwen/dev/siyubao)
2026-04-03 23:13:30.674 [restartedMain] INFO  o.s.boot.SpringApplication logStartupProfileInfo - No active profile set, falling back to 1 default profile: "default"
2026-04-03 23:13:30.731 [restartedMain] INFO  o.s.boot.logging.DeferredLog logTo - Devtools property defaults active! Set 'spring.devtools.add-properties' to 'false' to disable
2026-04-03 23:13:30.732 [restartedMain] INFO  o.s.boot.logging.DeferredLog logTo - For additional web related logging consider setting the 'logging.level.web' property to 'DEBUG'
2026-04-03 23:13:31.720 [restartedMain] INFO  o.s.d.r.c.RepositoryConfigurationDelegate registerRepositoriesIn - Bootstrapping Spring Data JPA repositories in DEFAULT mode.
2026-04-03 23:13:31.832 [restartedMain] INFO  o.s.d.r.c.RepositoryConfigurationDelegate registerRepositoriesIn - Finished Spring Data repository scanning in 103 ms. Found 2 JPA repository interfaces.
2026-04-03 23:13:32.712 [restartedMain] INFO  o.s.b.w.e.tomcat.TomcatWebServer initialize - Tomcat initialized with port(s): 6942 (http)
2026-04-03 23:13:32.717 [restartedMain] INFO  org.apache.juli.logging.DirectJDKLog log - Initializing ProtocolHandler ["http-nio-0.0.0.0-6942"]
2026-04-03 23:13:32.718 [restartedMain] INFO  org.apache.juli.logging.DirectJDKLog log - Starting service [Tomcat]
2026-04-03 23:13:32.718 [restartedMain] INFO  org.apache.juli.logging.DirectJDKLog log - Starting Servlet engine: [Apache Tomcat/9.0.83]
2026-04-03 23:13:32.808 [restartedMain] INFO  org.apache.juli.logging.DirectJDKLog log - Initializing Spring embedded WebApplicationContext
2026-04-03 23:13:32.808 [restartedMain] INFO  o.s.b.w.s.c.ServletWebServerApplicationContext prepareWebApplicationContext - Root WebApplicationContext: initialization completed in 2076 ms
2026-04-03 23:13:32.840 [restartedMain] INFO  com.zaxxer.hikari.HikariDataSource getConnection - HikariPool-1 - Starting...
2026-04-03 23:13:33.108 [restartedMain] INFO  com.zaxxer.hikari.HikariDataSource getConnection - HikariPool-1 - Start completed.
2026-04-03 23:13:33.135 [restartedMain] INFO  o.s.b.a.h.H2ConsoleAutoConfiguration logDataSources - H2 console available at '/h2-console'. Database available at 'jdbc:h2:file:./data/siyubao'
2026-04-03 23:13:33.406 [restartedMain] INFO  liquibase.logging.core.JavaLogger log - Set default schema name to PUBLIC
2026-04-03 23:13:33.818 [restartedMain] INFO  liquibase.logging.core.JavaLogger log - Successfully acquired change log lock
2026-04-03 23:13:34.104 [restartedMain] INFO  liquibase.logging.core.JavaLogger log - Reading from PUBLIC.DATABASECHANGELOG
2026-04-03 23:13:34.141 [restartedMain] INFO  liquibase.logging.core.JavaLogger log - Successfully released change log lock
2026-04-03 23:13:34.281 [restartedMain] INFO  o.h.jpa.internal.util.LogHelper logPersistenceUnitInformation - HHH000204: Processing PersistenceUnitInfo [name: default]
2026-04-03 23:13:34.325 [restartedMain] INFO  org.hibernate.Version logVersion - HHH000412: Hibernate ORM core version 5.6.15.Final
2026-04-03 23:13:34.459 [restartedMain] INFO  o.h.a.c.r.java.JavaReflectionManager <clinit> - HCANN000001: Hibernate Commons Annotations {5.1.2.Final}
2026-04-03 23:13:34.540 [restartedMain] INFO  org.hibernate.dialect.Dialect <init> - HHH000400: Using dialect: org.hibernate.dialect.H2Dialect
2026-04-03 23:13:35.146 [restartedMain] INFO  o.h.e.t.j.p.i.JtaPlatformInitiator initiateService - HHH000490: Using JtaPlatform implementation: [org.hibernate.engine.transaction.jta.platform.internal.NoJtaPlatform]
2026-04-03 23:13:35.154 [restartedMain] INFO  o.s.o.j.AbstractEntityManagerFactoryBean buildNativeEntityManagerFactory - Initialized JPA EntityManagerFactory for persistence unit 'default'
2026-04-03 23:13:36.326 [restartedMain] INFO  c.l.siyubao.service.TextInMcpService init - TextIn API服务初始化完成 - enabled: true, appId: 未配置
2026-04-03 23:13:36.332 [restartedMain] INFO  c.l.siyubao.service.OcrService configureLibraryPath - 已配置macOS Tesseract库路径: /opt/homebrew/lib
2026-04-03 23:13:36.332 [restartedMain] INFO  c.l.siyubao.service.OcrService configureLibraryPath - 已配置tessdata路径: /opt/homebrew/share/tessdata
2026-04-03 23:13:36.334 [restartedMain] INFO  c.l.siyubao.service.OcrService initializeTesseract - Tesseract实例初始化成功
2026-04-03 23:13:36.334 [restartedMain] INFO  c.l.siyubao.service.OcrService init - OCR服务初始化成功，线程池大小: 2
2026-04-03 23:13:36.391 [restartedMain] WARN  o.s.b.a.o.j.JpaBaseConfiguration$JpaWebConfiguration openEntityManagerInViewInterceptor - spring.jpa.open-in-view is enabled by default. Therefore, database queries may be performed during view rendering. Explicitly configure spring.jpa.open-in-view to disable this warning
2026-04-03 23:13:36.570 [restartedMain] INFO  o.s.b.a.w.s.WelcomePageHandlerMapping <init> - Adding welcome page template: index
2026-04-03 23:13:37.212 [restartedMain] WARN  o.s.b.d.a.OptionalLiveReloadServer startServer - Unable to start LiveReload server
2026-04-03 23:13:37.235 [restartedMain] INFO  org.apache.juli.logging.DirectJDKLog log - Starting ProtocolHandler ["http-nio-0.0.0.0-6942"]
2026-04-03 23:13:37.263 [restartedMain] INFO  o.s.b.w.e.tomcat.TomcatWebServer start - Tomcat started on port(s): 6942 (http) with context path ''
2026-04-03 23:13:37.296 [restartedMain] INFO  o.s.boot.StartupInfoLogger logStarted - Started SiyubaoApplication in 7.158 seconds (JVM running for 7.885)
2026-04-03 23:14:20.163 [http-nio-0.0.0.0-6942-exec-1] INFO  org.apache.juli.logging.DirectJDKLog log - Initializing Spring DispatcherServlet 'dispatcherServlet'
2026-04-03 23:14:20.165 [http-nio-0.0.0.0-6942-exec-1] INFO  o.s.web.servlet.FrameworkServlet initServletBean - Initializing Servlet 'dispatcherServlet'
2026-04-03 23:14:20.171 [http-nio-0.0.0.0-6942-exec-1] INFO  o.s.web.servlet.FrameworkServlet initServletBean - Completed initialization in 6 ms
2026-04-03 23:14:20.212 [http-nio-0.0.0.0-6942-exec-1] INFO  c.l.s.controller.HomeController index - 访问首页
2026-04-03 23:14:25.473 [http-nio-0.0.0.0-6942-exec-7] INFO  c.l.s.c.ChatPreviewController chatPreview - 访问聊天预览页面，xianlu参数: null
2026-04-03 23:14:28.923 [http-nio-0.0.0.0-6942-exec-8] INFO  c.l.s.controller.HomeController index - 访问首页
2026-04-03 23:14:30.257 [http-nio-0.0.0.0-6942-exec-9] INFO  c.l.s.c.ChatPreviewController chatPreview - 访问聊天预览页面，xianlu参数: null
2026-04-03 23:21:38.656 [http-nio-0.0.0.0-6942-exec-4] INFO  c.l.s.c.DySxChatGenerateController gen - 接收到前端传递的聊天内容参数: [safd11 fdsa fdsa22]
2026-04-03 23:21:38.664 [http-nio-0.0.0.0-6942-exec-4] INFO  c.l.s.c.DySxChatGenerateController gen - 聊天内容参数长度: 18 字符
2026-04-03 23:21:38.704 [http-nio-0.0.0.0-6942-exec-4] INFO  c.l.s.c.DySxChatGenerateController getDynamicRouteAvatar - 找到动态头像: 线路=sc, 平台=dy, 头像=/avatar/routes/douyin/douyin_1758300309293_6557a2dd.jpeg
2026-04-03 23:21:38.751 [http-nio-0.0.0.0-6942-exec-4] INFO  c.l.s.c.DySxChatGenerateController gen - 线路:sc||用户名称:safd||用户头像:./avatar/avatar_846.jpg||聊天内容:[{"contentType":1,"dateTimeStr":"23:20","msg":"fdsa","msgType":1,"userName":"safd","userPic":"./avatar/avatar_846.jpg"},{"contentType":1,"dateTimeStr":"23:21","msg":"fdsa","msgType":2,"userName":"safd","userPic":"./avatar/avatar_846.jpg"}]
2026-04-03 23:21:38.751 [http-nio-0.0.0.0-6942-exec-4] INFO  c.l.s.c.DySxChatGenerateController gen - ==================================#########################===========================================
2026-04-03 23:21:42.611 [http-nio-0.0.0.0-6942-exec-10] INFO  c.l.s.c.DySxChatGenerateController gen - 接收到前端传递的聊天内容参数: [safd11 fdsa fdsa22]
2026-04-03 23:21:42.612 [http-nio-0.0.0.0-6942-exec-10] INFO  c.l.s.c.DySxChatGenerateController gen - 聊天内容参数长度: 18 字符
2026-04-03 23:21:42.624 [http-nio-0.0.0.0-6942-exec-10] INFO  c.l.s.c.DySxChatGenerateController getDynamicRouteAvatar - 找到动态头像: 线路=yn, 平台=dy, 头像=/avatar/routes/douyin/douyin_1758300364564_a3d35867.jpg
2026-04-03 23:21:42.629 [http-nio-0.0.0.0-6942-exec-10] INFO  c.l.s.c.DySxChatGenerateController gen - 线路:yn||用户名称:safd||用户头像:./avatar/avatar_15204.jpg||聊天内容:[{"contentType":1,"dateTimeStr":"23:20","msg":"fdsa","msgType":1,"userName":"safd","userPic":"./avatar/avatar_15204.jpg"},{"contentType":1,"dateTimeStr":"23:21","msg":"fdsa","msgType":2,"userName":"safd","userPic":"./avatar/avatar_15204.jpg"}]
2026-04-03 23:21:42.630 [http-nio-0.0.0.0-6942-exec-10] INFO  c.l.s.c.DySxChatGenerateController gen - ==================================#########################===========================================
2026-04-03 23:21:45.274 [http-nio-0.0.0.0-6942-exec-5] INFO  c.l.s.c.DySxChatGenerateController gen - 接收到前端传递的聊天内容参数: [safd11 fdsa fdsa22]
2026-04-03 23:21:45.276 [http-nio-0.0.0.0-6942-exec-5] INFO  c.l.s.c.DySxChatGenerateController gen - 聊天内容参数长度: 18 字符
2026-04-03 23:21:45.283 [http-nio-0.0.0.0-6942-exec-5] INFO  c.l.s.c.DySxChatGenerateController getDynamicRouteAvatar - 找到动态头像: 线路=yn, 平台=sph, 头像=/avatar/routes/shipin/shipin_1758302293119_7d08724e.jpg
2026-04-03 23:21:45.284 [http-nio-0.0.0.0-6942-exec-5] INFO  c.l.s.c.DySxChatGenerateController gen - 线路:yn||用户名称:safd||用户头像:./avatar/avatar_3383.jpg||聊天内容:[{"contentType":1,"dateTimeStr":"23:20","msg":"fdsa","msgType":1,"userName":"safd","userPic":"./avatar/avatar_3383.jpg"},{"contentType":1,"dateTimeStr":"23:21","msg":"fdsa","msgType":2,"userName":"safd","userPic":"./avatar/avatar_3383.jpg"}]
2026-04-03 23:21:45.284 [http-nio-0.0.0.0-6942-exec-5] INFO  c.l.s.c.DySxChatGenerateController gen - ==================================#########################===========================================
2026-04-03 23:21:51.829 [http-nio-0.0.0.0-6942-exec-9] INFO  c.l.s.controller.HomeController index - 访问首页
2026-04-03 23:22:03.758 [http-nio-0.0.0.0-6942-exec-9] INFO  c.l.s.c.DySxChatGenerateController reGen - 线路: yn
2026-04-03 23:22:03.758 [http-nio-0.0.0.0-6942-exec-9] INFO  c.l.s.c.DySxChatGenerateController reGen - 用户名称: safd
2026-04-03 23:22:03.758 [http-nio-0.0.0.0-6942-exec-9] INFO  c.l.s.c.DySxChatGenerateController reGen - 用户头像: ./avatar/avatar_3383.jpg
2026-04-03 23:22:03.758 [http-nio-0.0.0.0-6942-exec-9] INFO  c.l.s.c.DySxChatGenerateController reGen - 聊天内容: [{"contentType":1,"dateTimeStr":"23:20","msg":"fdsa","msgType":1,"userName":"safd","userPic":"./avatar/avatar_3383.jpg"},{"contentType":1,"dateTimeStr":"23:21","msg":"fdsa","msgType":2,"userName":"safd","userPic":"./avatar/avatar_3383.jpg"}]
2026-04-03 23:22:03.764 [http-nio-0.0.0.0-6942-exec-9] INFO  c.l.s.c.DySxChatGenerateController getDynamicRouteAvatar - 找到动态头像: 线路=yn, 平台=sph, 头像=/avatar/routes/shipin/shipin_1758302293119_7d08724e.jpg
2026-04-03 23:22:03.776 [http-nio-0.0.0.0-6942-exec-9] INFO  c.l.s.c.DySxChatGenerateController reGen - ==================================复现的聊天记录是一样的===========================================
2026-04-03 23:22:03.777 [http-nio-0.0.0.0-6942-exec-9] INFO  c.l.s.c.DySxChatGenerateController reGen - 添加反馈后的聊天内容: [{"contentType":1,"dateTimeStr":"23:20","msg":"fdsa","msgType":1,"userName":"safd","userPic":"./avatar/avatar_3383.jpg"},{"contentType":1,"dateTimeStr":"23:21","msg":"fdsa","msgType":2,"userName":"safd","userPic":"./avatar/avatar_3383.jpg"},{"contentType":1,"dateTimeStr":"23:22","msg":"亲;这边管家已经加您了哈;您通过-下哦","msgType":2}]
2026-04-03 23:22:06.604 [http-nio-0.0.0.0-6942-exec-4] INFO  c.l.s.c.DySxChatGenerateController reGen - 线路: yn
2026-04-03 23:22:06.606 [http-nio-0.0.0.0-6942-exec-4] INFO  c.l.s.c.DySxChatGenerateController reGen - 用户名称: safd
2026-04-03 23:22:06.606 [http-nio-0.0.0.0-6942-exec-4] INFO  c.l.s.c.DySxChatGenerateController reGen - 用户头像: ./avatar/avatar_3383.jpg
2026-04-03 23:22:06.606 [http-nio-0.0.0.0-6942-exec-4] INFO  c.l.s.c.DySxChatGenerateController reGen - 聊天内容: [{"contentType":1,"dateTimeStr":"23:20","msg":"fdsa","msgType":1,"userName":"safd","userPic":"./avatar/avatar_3383.jpg"},{"contentType":1,"dateTimeStr":"23:21","msg":"fdsa","msgType":2,"userName":"safd","userPic":"./avatar/avatar_3383.jpg"}]
2026-04-03 23:22:06.611 [http-nio-0.0.0.0-6942-exec-4] INFO  c.l.s.c.DySxChatGenerateController getDynamicRouteAvatar - 找到动态头像: 线路=yn, 平台=sph, 头像=/avatar/routes/shipin/shipin_1758302293119_7d08724e.jpg
2026-04-03 23:22:06.612 [http-nio-0.0.0.0-6942-exec-4] INFO  c.l.s.c.DySxChatGenerateController reGen - ==================================复现的聊天记录是一样的===========================================
2026-04-03 23:22:06.612 [http-nio-0.0.0.0-6942-exec-4] INFO  c.l.s.c.DySxChatGenerateController reGen - 添加反馈后的聊天内容: [{"contentType":1,"dateTimeStr":"23:20","msg":"fdsa","msgType":1,"userName":"safd","userPic":"./avatar/avatar_3383.jpg"},{"contentType":1,"dateTimeStr":"23:21","msg":"fdsa","msgType":2,"userName":"safd","userPic":"./avatar/avatar_3383.jpg"},{"contentType":1,"dateTimeStr":"23:22","msg":"亲;这边管家已经加您了哈;您通过-下哦","msgType":2}]
2026-04-03 23:22:18.826 [http-nio-0.0.0.0-6942-exec-1] INFO  c.l.s.c.DySxChatGenerateController reGen - 线路: yn
2026-04-03 23:22:18.828 [http-nio-0.0.0.0-6942-exec-1] INFO  c.l.s.c.DySxChatGenerateController reGen - 用户名称: fdsa
2026-04-03 23:22:18.828 [http-nio-0.0.0.0-6942-exec-1] INFO  c.l.s.c.DySxChatGenerateController reGen - 用户头像: ./avatar/avatar_11244.jpg
2026-04-03 23:22:18.828 [http-nio-0.0.0.0-6942-exec-1] INFO  c.l.s.c.DySxChatGenerateController reGen - 聊天内容: [{"contentType":1,"dateTimeStr":"23:22","msg":"fdsa","msgType":1,"userName":"fdsa","userPic":"./avatar/avatar_11244.jpg"},{"contentType":1,"dateTimeStr":"23:23","msg":"fdsa","msgType":2,"userName":"fdsa","userPic":"./avatar/avatar_11244.jpg"}]
2026-04-03 23:22:18.835 [http-nio-0.0.0.0-6942-exec-1] INFO  c.l.s.c.DySxChatGenerateController getDynamicRouteAvatar - 找到动态头像: 线路=yn, 平台=sph, 头像=/avatar/routes/shipin/shipin_1758302293119_7d08724e.jpg
2026-04-03 23:22:18.835 [http-nio-0.0.0.0-6942-exec-1] INFO  c.l.s.c.DySxChatGenerateController reGen - ==================================复现的聊天记录是一样的===========================================
2026-04-03 23:22:18.836 [http-nio-0.0.0.0-6942-exec-1] INFO  c.l.s.c.DySxChatGenerateController reGen - 添加反馈后的聊天内容: [{"contentType":1,"dateTimeStr":"23:22","msg":"fdsa","msgType":1,"userName":"fdsa","userPic":"./avatar/avatar_11244.jpg"},{"contentType":1,"dateTimeStr":"23:23","msg":"fdsa","msgType":2,"userName":"fdsa","userPic":"./avatar/avatar_11244.jpg"},{"contentType":1,"dateTimeStr":"23:22","msg":"亲;这边管家已经加您了哈;您通过-下哦","msgType":2}]
2026-04-03 23:22:22.392 [http-nio-0.0.0.0-6942-exec-5] INFO  c.l.s.c.DySxChatGenerateController reGen - 线路: yn
2026-04-03 23:22:22.394 [http-nio-0.0.0.0-6942-exec-5] INFO  c.l.s.c.DySxChatGenerateController reGen - 用户名称: fdsa
2026-04-03 23:22:22.394 [http-nio-0.0.0.0-6942-exec-5] INFO  c.l.s.c.DySxChatGenerateController reGen - 用户头像: ./avatar/avatar_8559.jpg
2026-04-03 23:22:22.394 [http-nio-0.0.0.0-6942-exec-5] INFO  c.l.s.c.DySxChatGenerateController reGen - 聊天内容: [{"contentType":1,"dateTimeStr":"23:22","msg":"fdsa","msgType":1,"userName":"fdsa","userPic":"./avatar/avatar_8559.jpg"},{"contentType":1,"dateTimeStr":"23:23","msg":"fdsa","msgType":2,"userName":"fdsa","userPic":"./avatar/avatar_8559.jpg"}]
2026-04-03 23:22:22.401 [http-nio-0.0.0.0-6942-exec-5] INFO  c.l.s.c.DySxChatGenerateController getDynamicRouteAvatar - 找到动态头像: 线路=yn, 平台=sph, 头像=/avatar/routes/shipin/shipin_1758302293119_7d08724e.jpg
2026-04-03 23:22:22.401 [http-nio-0.0.0.0-6942-exec-5] INFO  c.l.s.c.DySxChatGenerateController reGen - ==================================复现的聊天记录是一样的===========================================
2026-04-03 23:22:22.402 [http-nio-0.0.0.0-6942-exec-5] INFO  c.l.s.c.DySxChatGenerateController reGen - 添加反馈后的聊天内容: [{"contentType":1,"dateTimeStr":"23:22","msg":"fdsa","msgType":1,"userName":"fdsa","userPic":"./avatar/avatar_8559.jpg"},{"contentType":1,"dateTimeStr":"23:23","msg":"fdsa","msgType":2,"userName":"fdsa","userPic":"./avatar/avatar_8559.jpg"},{"contentType":1,"dateTimeStr":"23:22","msg":"亲;这边管家已经加您了哈;您通过-下哦","msgType":2}]
